Random seed: 1
65000	5	[INFO: Main      ] - Routing: RPL Lite
65000	5	[INFO: Main      ] - Net: sicslowpan
65000	5	[INFO: Main      ] - MAC: CSMA
65000	5	[INFO: Main      ] - 802.15.4 PANID: 0xabcd
65000	5	[INFO: Main      ] - 802.15.4 Default channel: 26
65000	5	[INFO: Main      ] Node ID: 5
65000	5	[INFO: Main      ] Link-layer address: 0005.0005.0005.0005
65000	5	[INFO: Main      ] Tentative link-local IPv6 address: fe80::205:5:5:5
240000	9	[INFO: Main      ] Starting Contiki-NG-release/v5.2
240000	9	[INFO: Main      ] - Routing: RPL Lite
240000	9	[INFO: Main      ] - Net: sicslowpan
240000	9	[INFO: Main      ] - MAC: CSMA
240000	9	[INFO: Main      ] - 802.15.4 PANID: 0xabcd
240000	9	[INFO: Main      ] - 802.15.4 Default channel: 26
240000	9	[INFO: Main      ] Node ID: 9
240000	9	[INFO: Main      ] Link-layer address: 0009.0009.0009.0009
240000	9	[INFO: Main      ] Tentative link-local IPv6 address: fe80::209:9:9:9
302000	10	[INFO: Main      ] Starting Contiki-NG-release/v5.2
302000	10	[INFO: Main      ] - Routing: RPL Lite
302000	10	[INFO: Main      ] - Net: sicslowpan
302000	10	[INFO: Main      ] - MAC: CSMA
302000	10	[INFO: Main      ] - 802.15.4 PANID: 0xabcd
302000	10	[INFO: Main      ] - 802.15.4 Default channel: 26
302000	10	[INFO: Main      ] Node ID: 10
302000	10	[INFO: Main      ] Link-layer address: 000a.000a.000a.000a
302000	10	[INFO: Main      ] Tentative link-local IPv6 address: fe80::20a:a:a:a
505000	7	[INFO: Main      ] Starting Contiki-NG-release/v5.2
505000	7	[INFO: Main      ] - Routing: RPL Lite
505000	7	[INFO: Main      ] - Net: sicslowpan
505000	7	[INFO: Main      ] - MAC: CSMA
505000	7	[INFO: Main      ] - 802.15.4 PANID: 0xabcd
505000	7	[INFO: Main      ] - 802.15.4 Default channel: 26
505000	7	[INFO: Main      ] Node ID: 7
505000	7	[INFO: Main      ] Link-layer address: 0007.0007.0007.0007
505000	7	[INFO: Main      ] Tentative link-local IPv6 address: fe80::207:7:7:7
549000	1	[INFO: Main      ] Starting Contiki-NG-release/v5.2
549000	1	[INFO: Main      ] - Routing: RPL Lite
549000	1	[INFO: Main      ] - Net: sicslowpan
549000	1	[INFO: Main      ] - MAC: CSMA
549000	1	[INFO: Main      ] - 802.15.4 PANID: 0xabcd
549000	1	[INFO: Main      ] - 802.15.4 Default channel: 26
549000	1	[INFO: Main      ] Node ID: 1
549000	1	[INFO: Main      ] Link-layer address: 0001.0001.0001.0001
549000	1	[INFO: Main      ] Tentative link-local IPv6 address: fe80::201:1:1:1
642000	3	[INFO: Main      ] Starting Contiki-NG-release/v5.2
642000	3	[INFO: Main      ] - Routing: RPL Lite
642000	3	[INFO: Main      ] - Net: sicslowpan
642000	3	[INFO: Main      ] - MAC: CSMA
642000	3	[INFO: Main      ] - 802.15.4 PANID: 0xabcd
642000	3	[INFO: Main      ] - 802.15.4 Default channel: 26
642000	3	[INFO: Main      ] Node ID: 3
642000	3	[INFO: Main      ] Link-layer address: 0003.0003.0003.0003
642000	3	[INFO: Main      ] Tentative link-local IPv6 address: fe80::203:3:3:3
765000	2	[INFO: Main      ] Starting Contiki-NG-release/v5.2
765000	2	[INFO: Main      ] - Routing: RPL Lite
765000	2	[INFO: Main      ] - Net: sicslowpan
765000	2	[INFO: Main      ] - MAC: CSMA
765000	2	[INFO: Main      ] - 802.15.4 PANID: 0xabcd
765000	2	[INFO: Main      ] - 802.15.4 Default channel: 26
765000	2	[INFO: Main      ] Node ID: 2
765000	2	[INFO: Main      ] Link-layer address: 0002.0002.0002.0002
765000	2	[INFO: Main      ] Tentative link-local IPv6 address: fe80::202:2:2:2
815000	6	[INFO: Main      ] Starting Contiki-NG-release/v5.2
815000	6	[INFO: Main      ] - Routing: RPL Lite
815000	6	[INFO: Main      ] - Net: sicslowpan
815000	6	[INFO: Main      ] - MAC: CSMA
815000	6	[INFO: Main      ] - 802.15.4 PANID: 0xabcd
815000	6	[INFO: Main      ] - 802.15.4 Default channel: 26
815000	6	[INFO: Main      ] Node ID: 6
815000	6	[INFO: Main      ] Link-layer address: 0006.0006.0006.0006
815000	6	[INFO: Main      ] Tentative link-local IPv6 address: fe80::206:6:6:6
907000	8	[INFO: Main      ] Starting Contiki-NG-release/v5.2
907000	8	[INFO: Main      ] - Routing: RPL Lite
907000	8	[INFO: Main      ] - Net: sicslowpan
907000	8	[INFO: Main      ] - MAC: CSMA
907000	8	[INFO: Main      ] - 802.15.4 PANID: 0xabcd
907000	8	[INFO: Main      ] - 802.15.4 Default channel: 26
907000	8	[INFO: Main      ] Node ID: 8
907000	8	[INFO: Main      ] Link-layer address: 0008.0008.0008.0008
907000	8	[INFO: Main      ] Tentative link-local IPv6 address: fe80::208:8:8:8
971000	4	[INFO: Main      ] Starting Contiki-NG-release/v5.2
971000	4	[INFO: Main      ] - Routing: RPL Lite
971000	4	[INFO: Main      ] - Net: sicslowpan
971000	4	[INFO: Main      ] - MAC: CSMA
971000	4	[INFO: Main      ] - 802.15.4 PANID: 0xabcd
971000	4	[INFO: Main      ] - 802.15.4 Default channel: 26
971000	4	[INFO: Main      ] Node ID: 4
971000	4	[INFO: Main      ] Link-layer address: 0004.0004.0004.0004
971000	4	[INFO: Main      ] Tentative link-local IPv6 address: fe80::204:4:4:4
1880000	7	[INFO: App       ] Not reachable yet
2689000	5	[INFO: App       ] Not reachable yet
4905000	6	[INFO: App       ] Not reachable yet
5227000	3	[INFO: App       ] Not reachable yet
5767000	8	[INFO: App       ] Not reachable yet
7426000	4	[INFO: App       ] Not reachable yet
8774000	2	[INFO: App       ] Not reachable yet
9180000	10	[INFO: App       ] Not reachable yet
9538000	9	[INFO: App       ] Not reachable yet
11590000	7	[INFO: App       ] Not reachable yet
12877000	5	[INFO: App       ] Not reachable yet
14783000	8	[INFO: App       ] Not reachable yet
15264000	6	[INFO: App       ] Not reachable yet
16117000	3	[INFO: App       ] Tx/Rx/MissedTx: 0/0/0
16117000	3	[INFO: App       ] Sending request 0 to fd00::201:1:1:1
16135568	1	[INFO: App       ] Received request 'hello 0' from fd00::203:3:3:3
16135568	1	[INFO: App       ] Sending response.
16164568	3	[INFO: App       ] Received response 'hello 0' from fd00::201:1:1:1
17771000	4	[INFO: App       ] Tx/Rx/MissedTx: 0/0/0
17771000	4	[INFO: App       ] Sending request 0 to fd00::201:1:1:1
17803568	1	[INFO: App       ] Received request 'hello 0' from fd00::204:4:4:4
17803568	1	[INFO: App       ] Sending response.
17824568	4	[INFO: App       ] Received response 'hello 0' from fd00::201:1:1:1
18581000	2	[INFO: App       ] Tx/Rx/MissedTx: 0/0/0
18581000	2	[INFO: App       ] Sending request 0 to fd00::201:1:1:1
18603568	1	[INFO: App       ] Received request 'hello 0' from fd00::202:2:2:2
18603568	1	[INFO: App       ] Sending response.
18642568	2	[INFO: App       ] Received response 'hello 0' from fd00::201:1:1:1
18930000	10	[INFO: App       ] Not reachable yet
20293000	9	[INFO: App       ] Not reachable yet
20841000	7	[INFO: App       ] Not reachable yet
22161000	5	[INFO: App       ] Not reachable yet
25029000	8	[INFO: App       ] Not reachable yet
25413000	6	[INFO: App       ] Not reachable yet
27036000	3	[INFO: App       ] Sending request 1 to fd00::201:1:1:1
27056568	1	[INFO: App       ] Received request 'hello 1' from fd00::203:3:3:3
27056568	1	[INFO: App       ] Sending response.
27091568	3	[INFO: App       ] Received response 'hello 1' from fd00::201:1:1:1
27298000	4	[INFO: App       ] Sending request 1 to fd00::201:1:1:1
27303568	1	[INFO: App       ] Received request 'hello 1' from fd00::204:4:4:4
27303568	1	[INFO: App       ] Sending response.
27309568	4	[INFO: App       ] Received response 'hello 1' from fd00::201:1:1:1
28383000	2	[INFO: App       ] Sending request 1 to fd00::201:1:1:1
28420568	1	[INFO: App       ] Received request 'hello 1' from fd00::202:2:2:2
28420568	1	[INFO: App       ] Sending response.
28455568	2	[INFO: App       ] Received response 'hello 1' from fd00::201:1:1:1
28507000	10	[INFO: App       ] Not reachable yet
29828000	9	[INFO: App       ] Not reachable yet
31536000	5	[INFO: App       ] Tx/Rx/MissedTx: 0/0/0
31536000	5	[INFO: App       ] Sending request 0 to fd00::201:1:1:1
31587000	7	[INFO: App       ] Tx/Rx/MissedTx: 0/0/0
31587000	7	[INFO: App       ] Sending request 0 to fd00::201:1:1:1
31603856	1	[INFO: App       ] Received request 'hello 0' from fd00::205:5:5:5
31603856	1	[INFO: App       ] Sending response.
31640856	1	[INFO: App       ] Received request 'hello 0' from fd00::207:7:7:7
31640856	1	[INFO: App       ] Sending response.
31662112	5	[INFO: App       ] Received response 'hello 0' from fd00::201:1:1:1
31740112	7	[INFO: App       ] Received response 'hello 0' from fd00::201:1:1:1
34841000	8	[INFO: App       ] Not reachable yet
35998000	6	[INFO: App       ] Tx/Rx/MissedTx: 0/0/0
35998000	6	[INFO: App       ] Sending request 0 to fd00::201:1:1:1
36058856	1	[INFO: App       ] Received request 'hello 0' from fd00::206:6:6:6
36058856	1	[INFO: App       ] Sending response.
36095112	6	[INFO: App       ] Received response 'hello 0' from fd00::201:1:1:1
37780000	3	[INFO: App       ] Sending request 2 to fd00::201:1:1:1
37820568	1	[INFO: App       ] Received request 'hello 2' from fd00::203:3:3:3
37820568	1	[INFO: App       ] Sending response.
37841568	3	[INFO: App       ] Received response 'hello 2' from fd00::201:1:1:1
38183000	4	[INFO: App       ] Sending request 2 to fd00::201:1:1:1
38188568	1	[INFO: App       ] Received request 'hello 2' from fd00::204:4:4:4
38188568	1	[INFO: App       ] Sending response.
38217568	4	[INFO: App       ] Received response 'hello 2' from fd00::201:1:1:1
38419000	2	[INFO: App       ] Sending request 2 to fd00::201:1:1:1
38432568	1	[INFO: App       ] Received request 'hello 2' from fd00::202:2:2:2
38432568	1	[INFO: App       ] Sending response.
38465568	2	[INFO: App       ] Received response 'hello 2' from fd00::201:1:1:1
39024000	10	[INFO: App       ] Tx/Rx/MissedTx: 0/0/0
39024000	10	[INFO: App       ] Sending request 0 to fd00::201:1:1:1
39109856	1	[INFO: App       ] Received request 'hello 0' from fd00::20a:a:a:a
39109856	1	[INFO: App       ] Sending response.
39219368	10	[INFO: App       ] Received response 'hello 0' from fd00::201:1:1:1
40362000	9	[INFO: App       ] Tx/Rx/MissedTx: 0/0/0
40362000	9	[INFO: App       ] Sending request 0 to fd00::201:1:1:1
40403856	1	[INFO: App       ] Received request 'hello 0' from fd00::209:9:9:9
40403856	1	[INFO: App       ] Sending response.
40452368	9	[INFO: App       ] Received response 'hello 0' from fd00::201:1:1:1
40947000	5	[INFO: App       ] Sending request 1 to fd00::201:1:1:1
40995856	1	[INFO: App       ] Received request 'hello 1' from fd00::205:5:5:5
40995856	1	[INFO: App       ] Sending response.
41069112	5	[INFO: App       ] Received response 'hello 1' from fd00::201:1:1:1
41521000	7	[INFO: App       ] Sending request 1 to fd00::201:1:1:1
41578856	1	[INFO: App       ] Received request 'hello 1' from fd00::207:7:7:7
41578856	1	[INFO: App       ] Sending response.
41633112	7	[INFO: App       ] Received response 'hello 1' from fd00::201:1:1:1
45651000	8	[INFO: App       ] Tx/Rx/MissedTx: 0/0/0
45651000	8	[INFO: App       ] Sending request 0 to fd00::201:1:1:1
45724856	1	[INFO: App       ] Received request 'hello 0' from fd00::208:8:8:8
45724856	1	[INFO: App       ] Sending response.
45811368	8	[INFO: App       ] Received response 'hello 0' from fd00::201:1:1:1
46106000	6	[INFO: App       ] Sending request 1 to fd00::201:1:1:1
46151856	1	[INFO: App       ] Received request 'hello 1' from fd00::206:6:6:6
46151856	1	[INFO: App       ] Sending response.
46186112	6	[INFO: App       ] Received response 'hello 1' from fd00::201:1:1:1
47586000	3	[INFO: App       ] Sending request 3 to fd00::201:1:1:1
47615568	1	[INFO: App       ] Received request 'hello 3' from fd00::203:3:3:3
47615568	1	[INFO: App       ] Sending response.
47623568	3	[INFO: App       ] Received response 'hello 3' from fd00::201:1:1:1
48442000	4	[INFO: App       ] Sending request 3 to fd00::201:1:1:1
48474568	1	[INFO: App       ] Received request 'hello 3' from fd00::204:4:4:4
48474568	1	[INFO: App       ] Sending response.
48513568	4	[INFO: App       ] Received response 'hello 3' from fd00::201:1:1:1
49018000	10	[INFO: App       ] Sending request 1 to fd00::201:1:1:1
49065000	2	[INFO: App       ] Sending request 3 to fd00::201:1:1:1
49079568	1	[INFO: App       ] Received request 'hello 3' from fd00::202:2:2:2
49079568	1	[INFO: App       ] Sending response.
49094856	1	[INFO: App       ] Received request 'hello 1' from fd00::20a:a:a:a
49094856	1	[INFO: App       ] Sending response.
49116568	2	[INFO: App       ] Received response 'hello 3' from fd00::201:1:1:1
49159368	10	[INFO: App       ] Received response 'hello 1' from fd00::201:1:1:1
51157000	9	[INFO: App       ] Sending request 1 to fd00::201:1:1:1
51243856	1	[INFO: App       ] Received request 'hello 1' from fd00::209:9:9:9
51243856	1	[INFO: App       ] Sending response.
51291368	9	[INFO: App       ] Received response 'hello 1' from fd00::201:1:1:1
51810000	7	[INFO: App       ] Sending request 2 to fd00::201:1:1:1
51831856	1	[INFO: App       ] Received request 'hello 2' from fd00::207:7:7:7
51831856	1	[INFO: App       ] Sending response.
51850112	7	[INFO: App       ] Received response 'hello 2' from fd00::201:1:1:1
51863000	5	[INFO: App       ] Sending request 2 to fd00::201:1:1:1
51949856	1	[INFO: App       ] Received request 'hello 2' from fd00::205:5:5:5
51949856	1	[INFO: App       ] Sending response.
52025112	5	[INFO: App       ] Received response 'hello 2' from fd00::201:1:1:1
54677000	8	[INFO: App       ] Sending request 1 to fd00::201:1:1:1
54743856	1	[INFO: App       ] Received request 'hello 1' from fd00::208:8:8:8
54743856	1	[INFO: App       ] Sending response.
54856368	8	[INFO: App       ] Received response 'hello 1' from fd00::201:1:1:1
56334000	6	[INFO: App       ] Sending request 2 to fd00::201:1:1:1
56381680	1	[INFO: App       ] Received request 'hello 2' from fd00::206:6:6:6
56381680	1	[INFO: App       ] Sending response.
56422112	6	[INFO: App       ] Received response 'hello 2' from fd00::201:1:1:1
57209000	3	[INFO: App       ] Sending request 4 to fd00::201:1:1:1
57225568	1	[INFO: App       ] Received request 'hello 4' from fd00::203:3:3:3
57225568	1	[INFO: App       ] Sending response.
57236568	3	[INFO: App       ] Received response 'hello 4' from fd00::201:1:1:1
58123000	2	[INFO: App       ] Sending request 4 to fd00::201:1:1:1
58161568	1	[INFO: App       ] Received request 'hello 4' from fd00::202:2:2:2
58161568	1	[INFO: App       ] Sending response.
58190568	2	[INFO: App       ] Received response 'hello 4' from fd00::201:1:1:1
59050000	4	[INFO: App       ] Sending request 4 to fd00::201:1:1:1
59074568	1	[INFO: App       ] Received request 'hello 4' from fd00::204:4:4:4
59074568	1	[INFO: App       ] Sending response.
59107568	4	[INFO: App       ] Received response 'hello 4' from fd00::201:1:1:1
59111000	10	[INFO: App       ] Sending request 2 to fd00::201:1:1:1
59165856	1	[INFO: App       ] Received request 'hello 2' from fd00::20a:a:a:a
59165856	1	[INFO: App       ] Sending response.
59264368	10	[INFO: App       ] Received response 'hello 2' from fd00::201:1:1:1
61157000	7	[INFO: App       ] Sending request 3 to fd00::201:1:1:1
61220856	1	[INFO: App       ] Received request 'hello 3' from fd00::207:7:7:7
61220856	1	[INFO: App       ] Sending response.
61277112	7	[INFO: App       ] Received response 'hello 3' from fd00::201:1:1:1
61551000	9	[INFO: App       ] Sending request 2 to fd00::201:1:1:1
61597856	1	[INFO: App       ] Received request 'hello 2' from fd00::209:9:9:9
61597856	1	[INFO: App       ] Sending response.
61691368	9	[INFO: App       ] Received response 'hello 2' from fd00::201:1:1:1
62491000	5	[INFO: App       ] Sending request 3 to fd00::201:1:1:1
62543856	1	[INFO: App       ] Received request 'hello 3' from fd00::205:5:5:5
62543856	1	[INFO: App       ] Sending response.
62564112	5	[INFO: App       ] Received response 'hello 3' from fd00::201:1:1:1
64199000	8	[INFO: App       ] Sending request 2 to fd00::201:1:1:1
64249856	1	[INFO: App       ] Received request 'hello 2' from fd00::208:8:8:8
64249856	1	[INFO: App       ] Sending response.
64333368	8	[INFO: App       ] Received response 'hello 2' from fd00::201:1:1:1
66431000	6	[INFO: App       ] Sending request 3 to fd00::201:1:1:1
66503856	1	[INFO: App       ] Received request 'hello 3' from fd00::206:6:6:6
66503856	1	[INFO: App       ] Sending response.
66539112	6	[INFO: App       ] Received response 'hello 3' from fd00::201:1:1:1
67022000	3	[INFO: App       ] Sending request 5 to fd00::201:1:1:1
67047568	1	[INFO: App       ] Received request 'hello 5' from fd00::203:3:3:3
67047568	1	[INFO: App       ] Sending response.
67083568	3	[INFO: App       ] Received response 'hello 5' from fd00::201:1:1:1
68183000	2	[INFO: App       ] Sending request 5 to fd00::201:1:1:1
68203568	1	[INFO: App       ] Received request 'hello 5' from fd00::202:2:2:2
68203568	1	[INFO: App       ] Sending response.
68224568	2	[INFO: App       ] Received response 'hello 5' from fd00::201:1:1:1
68969000	4	[INFO: App       ] Sending request 5 to fd00::201:1:1:1
68986568	1	[INFO: App       ] Received request 'hello 5' from fd00::204:4:4:4
68986568	1	[INFO: App       ] Sending response.
69023568	4	[INFO: App       ] Received response 'hello 5' from fd00::201:1:1:1
69638000	10	[INFO: App       ] Sending request 3 to fd00::201:1:1:1
69719856	1	[INFO: App       ] Received request 'hello 3' from fd00::20a:a:a:a
69719856	1	[INFO: App       ] Sending response.
69744368	10	[INFO: App       ] Received response 'hello 3' from fd00::201:1:1:1
71198000	7	[INFO: App       ] Sending request 4 to fd00::201:1:1:1
71254856	1	[INFO: App       ] Received request 'hello 4' from fd00::207:7:7:7
71254856	1	[INFO: App       ] Sending response.
71297112	7	[INFO: App       ] Received response 'hello 4' from fd00::201:1:1:1
72522000	9	[INFO: App       ] Sending request 3 to fd00::201:1:1:1
72611968	1	[INFO: App       ] Received request 'hello 3' from fd00::209:9:9:9
72611968	1	[INFO: App       ] Sending response.
72678368	9	[INFO: App       ] Received response 'hello 3' from fd00::201:1:1:1
73115000	5	[INFO: App       ] Sending request 4 to fd00::201:1:1:1
73147856	1	[INFO: App       ] Received request 'hello 4' from fd00::205:5:5:5
73147856	1	[INFO: App       ] Sending response.
73198112	5	[INFO: App       ] Received response 'hello 4' from fd00::201:1:1:1
74859000	8	[INFO: App       ] Sending request 3 to fd00::201:1:1:1
74951856	1	[INFO: App       ] Received request 'hello 3' from fd00::208:8:8:8
74951856	1	[INFO: App       ] Sending response.
75022368	8	[INFO: App       ] Received response 'hello 3' from fd00::201:1:1:1
76309000	3	[INFO: App       ] Sending request 6 to fd00::201:1:1:1
76333568	1	[INFO: App       ] Received request 'hello 6' from fd00::203:3:3:3
76333568	1	[INFO: App       ] Sending response.
76356568	3	[INFO: App       ] Received response 'hello 6' from fd00::201:1:1:1
76504000	6	[INFO: App       ] Sending request 4 to fd00::201:1:1:1
76555856	1	[INFO: App       ] Received request 'hello 4' from fd00::206:6:6:6
76555856	1	[INFO: App       ] Sending response.
76586112	6	[INFO: App       ] Received response 'hello 4' from fd00::201:1:1:1
77972000	4	[INFO: App       ] Sending request 6 to fd00::201:1:1:1
77985568	1	[INFO: App       ] Received request 'hello 6' from fd00::204:4:4:4
77985568	1	[INFO: App       ] Sending response.
78013568	4	[INFO: App       ] Received response 'hello 6' from fd00::201:1:1:1
79115000	2	[INFO: App       ] Sending request 6 to fd00::201:1:1:1
79128568	1	[INFO: App       ] Received request 'hello 6' from fd00::202:2:2:2
79128568	1	[INFO: App       ] Sending response.
79134568	2	[INFO: App       ] Received response 'hello 6' from fd00::201:1:1:1
80085000	10	[INFO: App       ] Sending request 4 to fd00::201:1:1:1
80195856	1	[INFO: App       ] Received request 'hello 4' from fd00::20a:a:a:a
80195856	1	[INFO: App       ] Sending response.
80275368	10	[INFO: App       ] Received response 'hello 4' from fd00::201:1:1:1
81654000	7	[INFO: App       ] Sending request 5 to fd00::201:1:1:1
81720856	1	[INFO: App       ] Received request 'hello 5' from fd00::207:7:7:7
81720856	1	[INFO: App       ] Sending response.
81807112	7	[INFO: App       ] Received response 'hello 5' from fd00::201:1:1:1
82133000	9	[INFO: App       ] Sending request 4 to fd00::201:1:1:1
82232856	1	[INFO: App       ] Received request 'hello 4' from fd00::209:9:9:9
82232856	1	[INFO: App       ] Sending response.
82265368	9	[INFO: App       ] Received response 'hello 4' from fd00::201:1:1:1
83274000	5	[INFO: App       ] Sending request 5 to fd00::201:1:1:1
83333856	1	[INFO: App       ] Received request 'hello 5' from fd00::205:5:5:5
83333856	1	[INFO: App       ] Sending response.
83406112	5	[INFO: App       ] Received response 'hello 5' from fd00::201:1:1:1
84054000	8	[INFO: App       ] Sending request 4 to fd00::201:1:1:1
84127856	1	[INFO: App       ] Received request 'hello 4' from fd00::208:8:8:8
84127856	1	[INFO: App       ] Sending response.
84225368	8	[INFO: App       ] Received response 'hello 4' from fd00::201:1:1:1
85525000	6	[INFO: App       ] Sending request 5 to fd00::201:1:1:1
85572856	1	[INFO: App       ] Received request 'hello 5' from fd00::206:6:6:6
85572856	1	[INFO: App       ] Sending response.
85592936	6	[INFO: App       ] Received response 'hello 5' from fd00::201:1:1:1
85927000	3	[INFO: App       ] Sending request 7 to fd00::201:1:1:1
85969568	1	[INFO: App       ] Received request 'hello 7' from fd00::203:3:3:3
85969568	1	[INFO: App       ] Sending response.
86014568	3	[INFO: App       ] Received response 'hello 7' from fd00::201:1:1:1
88106000	4	[INFO: App       ] Sending request 7 to fd00::201:1:1:1
88137568	1	[INFO: App       ] Received request 'hello 7' from fd00::204:4:4:4
88137568	1	[INFO: App       ] Sending response.
88158568	4	[INFO: App       ] Received response 'hello 7' from fd00::201:1:1:1
88171000	2	[INFO: App       ] Sending request 7 to fd00::201:1:1:1
88196568	1	[INFO: App       ] Received request 'hello 7' from fd00::202:2:2:2
88196568	1	[INFO: App       ] Sending response.
88235568	2	[INFO: App       ] Received response 'hello 7' from fd00::201:1:1:1
89745000	10	[INFO: App       ] Sending request 5 to fd00::201:1:1:1
89824856	1	[INFO: App       ] Received request 'hello 5' from fd00::20a:a:a:a
89824856	1	[INFO: App       ] Sending response.
89874736	10	[INFO: App       ] Received response 'hello 5' from fd00::201:1:1:1
91956000	7	[INFO: App       ] Sending request 6 to fd00::201:1:1:1
92009856	1	[INFO: App       ] Received request 'hello 6' from fd00::207:7:7:7
92009856	1	[INFO: App       ] Sending response.
92069112	7	[INFO: App       ] Received response 'hello 6' from fd00::201:1:1:1
92279000	9	[INFO: App       ] Sending request 5 to fd00::201:1:1:1
92345856	1	[INFO: App       ] Received request 'hello 5' from fd00::209:9:9:9
92345856	1	[INFO: App       ] Sending response.
92406368	9	[INFO: App       ] Received response 'hello 5' from fd00::201:1:1:1
93077000	5	[INFO: App       ] Sending request 6 to fd00::201:1:1:1
93094000	8	[INFO: App       ] Sending request 5 to fd00::201:1:1:1
93136856	1	[INFO: App       ] Received request 'hello 6' from fd00::205:5:5:5
93136856	1	[INFO: App       ] Sending response.
93188856	1	[INFO: App       ] Received request 'hello 5' from fd00::208:8:8:8
93188856	1	[INFO: App       ] Sending response.
93194112	5	[INFO: App       ] Received response 'hello 6' from fd00::201:1:1:1
93258368	8	[INFO: App       ] Received response 'hello 5' from fd00::201:1:1:1
95103000	3	[INFO: App       ] Sending request 8 to fd00::201:1:1:1
95147568	1	[INFO: App       ] Received request 'hello 8' from fd00::203:3:3:3
95147568	1	[INFO: App       ] Sending response.
95183568	3	[INFO: App       ] Received response 'hello 8' from fd00::201:1:1:1
95727000	6	[INFO: App       ] Sending request 6 to fd00::201:1:1:1
95783856	1	[INFO: App       ] Received request 'hello 6' from fd00::206:6:6:6
95783856	1	[INFO: App       ] Sending response.
95804112	6	[INFO: App       ] Received response 'hello 6' from fd00::201:1:1:1
97325000	2	[INFO: App       ] Sending request 8 to fd00::201:1:1:1
97335568	1	[INFO: App       ] Received request 'hello 8' from fd00::202:2:2:2
97335568	1	[INFO: App       ] Sending response.
97349568	2	[INFO: App       ] Received response 'hello 8' from fd00::201:1:1:1
97511000	4	[INFO: App       ] Sending request 8 to fd00::201:1:1:1
97556568	1	[INFO: App       ] Received request 'hello 8' from fd00::204:4:4:4
97556568	1	[INFO: App       ] Sending response.
97584568	4	[INFO: App       ] Received response 'hello 8' from fd00::201:1:1:1
98768000	10	[INFO: App       ] Sending request 6 to fd00::201:1:1:1
98861856	1	[INFO: App       ] Received request 'hello 6' from fd00::20a:a:a:a
98861856	1	[INFO: App       ] Sending response.
98985368	10	[INFO: App       ] Received response 'hello 6' from fd00::201:1:1:1
102102000	5	[INFO: App       ] Sending request 7 to fd00::201:1:1:1
102104000	9	[INFO: App       ] Sending request 6 to fd00::201:1:1:1
102124000	7	[INFO: App       ] Sending request 7 to fd00::201:1:1:1
102158856	1	[INFO: App       ] Received request 'hello 7' from fd00::205:5:5:5
102158856	1	[INFO: App       ] Sending response.
102178856	1	[INFO: App       ] Received request 'hello 6' from fd00::209:9:9:9
102178856	1	[INFO: App       ] Sending response.
102197112	5	[INFO: App       ] Received response 'hello 7' from fd00::201:1:1:1
102216856	1	[INFO: App       ] Received request 'hello 7' from fd00::207:7:7:7
102216856	1	[INFO: App       ] Sending response.
102321368	9	[INFO: App       ] Received response 'hello 6' from fd00::201:1:1:1
102350112	7	[INFO: App       ] Received response 'hello 7' from fd00::201:1:1:1
102556000	8	[INFO: App       ] Sending request 6 to fd00::201:1:1:1
102657856	1	[INFO: App       ] Received request 'hello 6' from fd00::208:8:8:8
102657856	1	[INFO: App       ] Sending response.
102775368	8	[INFO: App       ] Received response 'hello 6' from fd00::201:1:1:1
104242000	3	[INFO: App       ] Sending request 9 to fd00::201:1:1:1
104257568	1	[INFO: App       ] Received request 'hello 9' from fd00::203:3:3:3
104257568	1	[INFO: App       ] Sending response.
104280568	3	[INFO: App       ] Received response 'hello 9' from fd00::201:1:1:1
106179000	6	[INFO: App       ] Sending request 7 to fd00::201:1:1:1
106263856	1	[INFO: App       ] Received request 'hello 7' from fd00::206:6:6:6
106263856	1	[INFO: App       ] Sending response.
106305112	6	[INFO: App       ] Received response 'hello 7' from fd00::201:1:1:1
107332000	2	[INFO: App       ] Sending request 9 to fd00::201:1:1:1
107364568	1	[INFO: App       ] Received request 'hello 9' from fd00::202:2:2:2
107364568	1	[INFO: App       ] Sending response.
107400568	2	[INFO: App       ] Received response 'hello 9' from fd00::201:1:1:1
108407000	4	[INFO: App       ] Sending request 9 to fd00::201:1:1:1
108430568	1	[INFO: App       ] Received request 'hello 9' from fd00::204:4:4:4
108430568	1	[INFO: App       ] Sending response.
108465568	4	[INFO: App       ] Received response 'hello 9' from fd00::201:1:1:1
109234000	10	[INFO: App       ] Sending request 7 to fd00::201:1:1:1
109342856	1	[INFO: App       ] Received request 'hello 7' from fd00::20a:a:a:a
109342856	1	[INFO: App       ] Sending response.
109383368	10	[INFO: App       ] Received response 'hello 7' from fd00::201:1:1:1
111465000	7	[INFO: App       ] Sending request 8 to fd00::201:1:1:1
111531856	1	[INFO: App       ] Received request 'hello 8' from fd00::207:7:7:7
111531856	1	[INFO: App       ] Sending response.
111590112	7	[INFO: App       ] Received response 'hello 8' from fd00::201:1:1:1
111711000	5	[INFO: App       ] Sending request 8 to fd00::201:1:1:1
111787856	1	[INFO: App       ] Received request 'hello 8' from fd00::205:5:5:5
111787856	1	[INFO: App       ] Sending response.
111842112	5	[INFO: App       ] Received response 'hello 8' from fd00::201:1:1:1
112768000	8	[INFO: App       ] Sending request 7 to fd00::201:1:1:1
112829856	1	[INFO: App       ] Received request 'hello 7' from fd00::208:8:8:8
112829856	1	[INFO: App       ] Sending response.
112911368	8	[INFO: App       ] Received response 'hello 7' from fd00::201:1:1:1
113000000	9	[INFO: App       ] Sending request 7 to fd00::201:1:1:1
113052856	1	[INFO: App       ] Received request 'hello 7' from fd00::209:9:9:9
113052856	1	[INFO: App       ] Sending response.
113147368	9	[INFO: App       ] Received response 'hello 7' from fd00::201:1:1:1
113430000	3	[INFO: App       ] Tx/Rx/MissedTx: 10/10/0
113430000	3	[INFO: App       ] Sending request 10 to fd00::201:1:1:1
113442600	1	[INFO: App       ] Received request 'hello 10' from fd00::203:3:3:3
113442600	1	[INFO: App       ] Sending response.
113454600	3	[INFO: App       ] Received response 'hello 10' from fd00::201:1:1:1
116615000	2	[INFO: App       ] Tx/Rx/MissedTx: 10/10/0
116615000	2	[INFO: App       ] Sending request 10 to fd00::201:1:1:1
116642600	1	[INFO: App       ] Received request 'hello 10' from fd00::202:2:2:2
116642600	1	[INFO: App       ] Sending response.
116683600	2	[INFO: App       ] Received response 'hello 10' from fd00::201:1:1:1
117094000	6	[INFO: App       ] Sending request 8 to fd00::201:1:1:1
117149856	1	[INFO: App       ] Received request 'hello 8' from fd00::206:6:6:6
117149856	1	[INFO: App       ] Sending response.
117215112	6	[INFO: App       ] Received response 'hello 8' from fd00::201:1:1:1
118089000	4	[INFO: App       ] Tx/Rx/MissedTx: 10/10/0
118089000	4	[INFO: App       ] Sending request 10 to fd00::201:1:1:1
118096600	1	[INFO: App       ] Received request 'hello 10' from fd00::204:4:4:4
118096600	1	[INFO: App       ] Sending response.
118106600	4	[INFO: App       ] Received response 'hello 10' from fd00::201:1:1:1
119025000	10	[INFO: App       ] Sending request 8 to fd00::201:1:1:1
119129856	1	[INFO: App       ] Received request 'hello 8' from fd00::20a:a:a:a
119129856	1	[INFO: App       ] Sending response.
119257368	10	[INFO: App       ] Received response 'hello 8' from fd00::201:1:1:1
120917000	7	[INFO: App       ] Sending request 9 to fd00::201:1:1:1
120961856	1	[INFO: App       ] Received request 'hello 9' from fd00::207:7:7:7
120961856	1	[INFO: App       ] Sending response.
121002112	7	[INFO: App       ] Received response 'hello 9' from fd00::201:1:1:1
122039000	5	[INFO: App       ] Sending request 9 to fd00::201:1:1:1
122092856	1	[INFO: App       ] Received request 'hello 9' from fd00::205:5:5:5
122092856	1	[INFO: App       ] Sending response.
122129112	5	[INFO: App       ] Received response 'hello 9' from fd00::201:1:1:1
122455000	9	[INFO: App       ] Sending request 8 to fd00::201:1:1:1
122519856	1	[INFO: App       ] Received request 'hello 8' from fd00::209:9:9:9
122519856	1	[INFO: App       ] Sending response.
122559368	9	[INFO: App       ] Received response 'hello 8' from fd00::201:1:1:1
122830000	8	[INFO: App       ] Sending request 8 to fd00::201:1:1:1
122919856	1	[INFO: App       ] Received request 'hello 8' from fd00::208:8:8:8
122919856	1	[INFO: App       ] Sending response.
122993368	8	[INFO: App       ] Received response 'hello 8' from fd00::201:1:1:1
124057000	3	[INFO: App       ] Sending request 11 to fd00::201:1:1:1
124070600	1	[INFO: App       ] Received request 'hello 11' from fd00::203:3:3:3
124070600	1	[INFO: App       ] Sending response.
124103600	3	[INFO: App       ] Received response 'hello 11' from fd00::201:1:1:1
126296000	6	[INFO: App       ] Sending request 9 to fd00::201:1:1:1
126348856	1	[INFO: App       ] Received request 'hello 9' from fd00::206:6:6:6
126348856	1	[INFO: App       ] Sending response.
126397112	6	[INFO: App       ] Received response 'hello 9' from fd00::201:1:1:1
127165000	2	[INFO: App       ] Sending request 11 to fd00::201:1:1:1
127187600	1	[INFO: App       ] Received request 'hello 11' from fd00::202:2:2:2
127187600	1	[INFO: App       ] Sending response.
127221600	2	[INFO: App       ] Received response 'hello 11' from fd00::201:1:1:1
129077000	4	[INFO: App       ] Sending request 11 to fd00::201:1:1:1
129102600	1	[INFO: App       ] Received request 'hello 11' from fd00::204:4:4:4
129102600	1	[INFO: App       ] Sending response.
129119600	4	[INFO: App       ] Received response 'hello 11' from fd00::201:1:1:1
129638000	10	[INFO: App       ] Sending request 9 to fd00::201:1:1:1
129718856	1	[INFO: App       ] Received request 'hello 9' from fd00::20a:a:a:a
129718856	1	[INFO: App       ] Sending response.
129780368	10	[INFO: App       ] Received response 'hello 9' from fd00::201:1:1:1
130715000	7	[INFO: App       ] Tx/Rx/MissedTx: 10/10/0
130715000	7	[INFO: App       ] Sending request 10 to fd00::201:1:1:1
130762888	1	[INFO: App       ] Received request 'hello 10' from fd00::207:7:7:7
130762888	1	[INFO: App       ] Sending response.
130837144	7	[INFO: App       ] Received response 'hello 10' from fd00::201:1:1:1
131391000	5	[INFO: App       ] Tx/Rx/MissedTx: 10/10/0
131391000	5	[INFO: App       ] Sending request 10 to fd00::201:1:1:1
131447888	1	[INFO: App       ] Received request 'hello 10' from fd00::205:5:5:5
131447888	1	[INFO: App       ] Sending response.
131531144	5	[INFO: App       ] Received response 'hello 10' from fd00::201:1:1:1
131951000	9	[INFO: App       ] Sending request 9 to fd00::201:1:1:1
132057856	1	[INFO: App       ] Received request 'hello 9' from fd00::209:9:9:9
132057856	1	[INFO: App       ] Sending response.
132173368	9	[INFO: App       ] Received response 'hello 9' from fd00::201:1:1:1
132939000	8	[INFO: App       ] Sending request 9 to fd00::201:1:1:1
133024856	1	[INFO: App       ] Received request 'hello 9' from fd00::208:8:8:8
133024856	1	[INFO: App       ] Sending response.
133078736	8	[INFO: App       ] Received response 'hello 9' from fd00::201:1:1:1
133614000	3	[INFO: App       ] Sending request 12 to fd00::201:1:1:1
133631600	1	[INFO: App       ] Received request 'hello 12' from fd00::203:3:3:3
133631600	1	[INFO: App       ] Sending response.
133673600	3	[INFO: App       ] Received response 'hello 12' from fd00::201:1:1:1
135879000	6	[INFO: App       ] Tx/Rx/MissedTx: 10/10/0
135879000	6	[INFO: App       ] Sending request 10 to fd00::201:1:1:1
135940888	1	[INFO: App       ] Received request 'hello 10' from fd00::206:6:6:6
135940888	1	[INFO: App       ] Sending response.
135985144	6	[INFO: App       ] Received response 'hello 10' from fd00::201:1:1:1
136958000	2	[INFO: App       ] Sending request 12 to fd00::201:1:1:1
137002600	1	[INFO: App       ] Received request 'hello 12' from fd00::202:2:2:2
137002600	1	[INFO: App       ] Sending response.
137025600	2	[INFO: App       ] Received response 'hello 12' from fd00::201:1:1:1
139349000	10	[INFO: App       ] Tx/Rx/MissedTx: 10/10/0
139349000	10	[INFO: App       ] Sending request 10 to fd00::201:1:1:1
139438888	1	[INFO: App       ] Received request 'hello 10' from fd00::20a:a:a:a
139438888	1	[INFO: App       ] Sending response.
139512400	10	[INFO: App       ] Received response 'hello 10' from fd00::201:1:1:1
139827000	4	[INFO: App       ] Sending request 12 to fd00::201:1:1:1
139871600	1	[INFO: App       ] Received request 'hello 12' from fd00::204:4:4:4
139871600	1	[INFO: App       ] Sending response.
139911600	4	[INFO: App       ] Received response 'hello 12' from fd00::201:1:1:1
140678000	7	[INFO: App       ] Sending request 11 to fd00::201:1:1:1
140744888	1	[INFO: App       ] Received request 'hello 11' from fd00::207:7:7:7
140744888	1	[INFO: App       ] Sending response.
140795144	7	[INFO: App       ] Received response 'hello 11' from fd00::201:1:1:1
141753000	5	[INFO: App       ] Sending request 11 to fd00::201:1:1:1
141806888	1	[INFO: App       ] Received request 'hello 11' from fd00::205:5:5:5
141806888	1	[INFO: App       ] Sending response.
141859144	5	[INFO: App       ] Received response 'hello 11' from fd00::201:1:1:1
142787000	8	[INFO: App       ] Tx/Rx/MissedTx: 10/10/0
142787000	8	[INFO: App       ] Sending request 10 to fd00::201:1:1:1
142837888	1	[INFO: App       ] Received request 'hello 10' from fd00::208:8:8:8
142837888	1	[INFO: App       ] Sending response.
142896000	9	[INFO: App       ] Tx/Rx/MissedTx: 10/10/0
142896000	9	[INFO: App       ] Sending request 10 to fd00::201:1:1:1
142914888	1	[INFO: App       ] Received request 'hello 10' from fd00::209:9:9:9
142914888	1	[INFO: App       ] Sending response.
142927000	3	[INFO: App       ] Sending request 13 to fd00::201:1:1:1
142963400	8	[INFO: App       ] Received response 'hello 10' from fd00::201:1:1:1
142993400	9	[INFO: App       ] Received response 'hello 10' from fd00::201:1:1:1
146201000	6	[INFO: App       ] Sending request 11 to fd00::201:1:1:1
146217888	1	[INFO: App       ] Received request 'hello 11' from fd00::206:6:6:6
146217888	1	[INFO: App       ] Sending response.
146261144	6	[INFO: App       ] Received response 'hello 11' from fd00::201:1:1:1
147646000	2	[INFO: App       ] Sending request 13 to fd00::201:1:1:1
147669600	1	[INFO: App       ] Received request 'hello 13' from fd00::202:2:2:2
147669600	1	[INFO: App       ] Sending response.
147713600	2	[INFO: App       ] Received response 'hello 13' from fd00::201:1:1:1
149609000	4	[INFO: App       ] Sending request 13 to fd00::201:1:1:1
149619600	1	[INFO: App       ] Received request 'hello 13' from fd00::204:4:4:4
149619600	1	[INFO: App       ] Sending response.
149648600	4	[INFO: App       ] Received response 'hello 13' from fd00::201:1:1:1
149785000	10	[INFO: App       ] Sending request 11 to fd00::201:1:1:1
149851888	1	[INFO: App       ] Received request 'hello 11' from fd00::20a:a:a:a
149851888	1	[INFO: App       ] Sending response.
149944400	10	[INFO: App       ] Received response 'hello 11' from fd00::201:1:1:1
150358000	7	[INFO: App       ] Sending request 12 to fd00::201:1:1:1
150424888	1	[INFO: App       ] Received request 'hello 12' from fd00::207:7:7:7
150424888	1	[INFO: App       ] Sending response.
150492144	7	[INFO: App       ] Received response 'hello 12' from fd00::201:1:1:1
151729000	5	[INFO: App       ] Sending request 12 to fd00::201:1:1:1
151778888	1	[INFO: App       ] Received request 'hello 12' from fd00::205:5:5:5
151778888	1	[INFO: App       ] Sending response.
151842144	5	[INFO: App       ] Received response 'hello 12' from fd00::201:1:1:1
152078000	8	[INFO: App       ] Sending request 11 to fd00::201:1:1:1
152174888	1	[INFO: App       ] Received request 'hello 11' from fd00::208:8:8:8
152174888	1	[INFO: App       ] Sending response.
152237400	8	[INFO: App       ] Received response 'hello 11' from fd00::201:1:1:1
152265000	9	[INFO: App       ] Sending request 11 to fd00::201:1:1:1
152346888	1	[INFO: App       ] Received request 'hello 11' from fd00::209:9:9:9
152346888	1	[INFO: App       ] Sending response.
152347888	3	[INFO: App       ] Sending request 14 to fd00::201:1:1:1
152379600	1	[INFO: App       ] Received request 'hello 14' from fd00::203:3:3:3
152379600	1	[INFO: App       ] Sending response.
152388600	3	[INFO: App       ] Received response 'hello 14' from fd00::201:1:1:1
152480400	9	[INFO: App       ] Received response 'hello 11' from fd00::201:1:1:1
156831000	2	[INFO: App       ] Sending request 14 to fd00::201:1:1:1
156855600	1	[INFO: App       ] Received request 'hello 14' from fd00::202:2:2:2
156855600	1	[INFO: App       ] Sending response.
156891600	2	[INFO: App       ] Received response 'hello 14' from fd00::201:1:1:1
157057000	6	[INFO: App       ] Sending request 12 to fd00::201:1:1:1
157109888	1	[INFO: App       ] Received request 'hello 12' from fd00::206:6:6:6
157109888	1	[INFO: App       ] Sending response.
157163144	6	[INFO: App       ] Received response 'hello 12' from fd00::201:1:1:1
158838000	10	[INFO: App       ] Sending request 12 to fd00::201:1:1:1
158844000	4	[INFO: App       ] Sending request 14 to fd00::201:1:1:1
158855600	1	[INFO: App       ] Received request 'hello 14' from fd00::204:4:4:4
158855600	1	[INFO: App       ] Sending response.
158893600	4	[INFO: App       ] Received response 'hello 14' from fd00::201:1:1:1
158942888	1	[INFO: App       ] Received request 'hello 12' from fd00::20a:a:a:a
158942888	1	[INFO: App       ] Sending response.
159072400	10	[INFO: App       ] Received response 'hello 12' from fd00::201:1:1:1
160658000	7	[INFO: App       ] Sending request 13 to fd00::201:1:1:1
160722888	1	[INFO: App       ] Received request 'hello 13' from fd00::207:7:7:7
160722888	1	[INFO: App       ] Sending response.
160767144	7	[INFO: App       ] Received response 'hello 13' from fd00::201:1:1:1
161673000	3	[INFO: App       ] Sending request 15 to fd00::201:1:1:1
161688600	1	[INFO: App       ] Received request 'hello 15' from fd00::203:3:3:3
161688600	1	[INFO: App       ] Sending response.
161698600	3	[INFO: App       ] Received response 'hello 15' from fd00::201:1:1:1
161981000	5	[INFO: App       ] Sending request 13 to fd00::201:1:1:1
162028888	1	[INFO: App       ] Received request 'hello 13' from fd00::205:5:5:5
162028888	1	[INFO: App       ] Sending response.
162092144	5	[INFO: App       ] Received response 'hello 13' from fd00::201:1:1:1
162438000	9	[INFO: App       ] Sending request 12 to fd00::201:1:1:1
162477888	1	[INFO: App       ] Received request 'hello 12' from fd00::209:9:9:9
162477888	1	[INFO: App       ] Sending response.
162580400	9	[INFO: App       ] Received response 'hello 12' from fd00::201:1:1:1
162675000	8	[INFO: App       ] Sending request 12 to fd00::201:1:1:1
162734888	1	[INFO: App       ] Received request 'hello 12' from fd00::208:8:8:8
162734888	1	[INFO: App       ] Sending response.
162781400	8	[INFO: App       ] Received response 'hello 12' from fd00::201:1:1:1
166219000	6	[INFO: App       ] Sending request 13 to fd00::201:1:1:1
166244888	1	[INFO: App       ] Received request 'hello 13' from fd00::206:6:6:6
166244888	1	[INFO: App       ] Sending response.
166275144	6	[INFO: App       ] Received response 'hello 13' from fd00::201:1:1:1
166654000	2	[INFO: App       ] Sending request 15 to fd00::201:1:1:1
166672600	1	[INFO: App       ] Received request 'hello 15' from fd00::202:2:2:2
166672600	1	[INFO: App       ] Sending response.
166695600	2	[INFO: App       ] Received response 'hello 15' from fd00::201:1:1:1
168034000	4	[INFO: App       ] Sending request 15 to fd00::201:1:1:1
168063600	1	[INFO: App       ] Received request 'hello 15' from fd00::204:4:4:4
168063600	1	[INFO: App       ] Sending response.
168077600	4	[INFO: App       ] Received response 'hello 15' from fd00::201:1:1:1
169503000	10	[INFO: App       ] Sending request 13 to fd00::201:1:1:1
169582888	1	[INFO: App       ] Received request 'hello 13' from fd00::20a:a:a:a
169582888	1	[INFO: App       ] Sending response.
169664400	10	[INFO: App       ] Received response 'hello 13' from fd00::201:1:1:1
171026000	7	[INFO: App       ] Sending request 14 to fd00::201:1:1:1
171108888	1	[INFO: App       ] Received request 'hello 14' from fd00::207:7:7:7
171108888	1	[INFO: App       ] Sending response.
171121144	7	[INFO: App       ] Received response 'hello 14' from fd00::201:1:1:1
171405000	3	[INFO: App       ] Sending request 16 to fd00::201:1:1:1
171426600	1	[INFO: App       ] Received request 'hello 16' from fd00::203:3:3:3
171426600	1	[INFO: App       ] Sending response.
171455600	3	[INFO: App       ] Received response 'hello 16' from fd00::201:1:1:1
171789000	5	[INFO: App       ] Sending request 14 to fd00::201:1:1:1
171841888	1	[INFO: App       ] Received request 'hello 14' from fd00::205:5:5:5
171841888	1	[INFO: App       ] Sending response.
171888144	5	[INFO: App       ] Received response 'hello 14' from fd00::201:1:1:1
172671000	8	[INFO: App       ] Sending request 13 to fd00::201:1:1:1
172748888	1	[INFO: App       ] Received request 'hello 13' from fd00::208:8:8:8
172748888	1	[INFO: App       ] Sending response.
172839400	8	[INFO: App       ] Received response 'hello 13' from fd00::201:1:1:1
173406000	9	[INFO: App       ] Sending request 13 to fd00::201:1:1:1
173444032	1	[INFO: App       ] Received request 'hello 13' from fd00::209:9:9:9
173444032	1	[INFO: App       ] Sending response.
173536400	9	[INFO: App       ] Received response 'hello 13' from fd00::201:1:1:1
175803000	2	[INFO: App       ] Sending request 16 to fd00::201:1:1:1
175812600	1	[INFO: App       ] Received request 'hello 16' from fd00::202:2:2:2
175812600	1	[INFO: App       ] Sending response.
175845600	2	[INFO: App       ] Received response 'hello 16' from fd00::201:1:1:1
176090000	6	[INFO: App       ] Sending request 14 to fd00::201:1:1:1
176119888	1	[INFO: App       ] Received request 'hello 14' from fd00::206:6:6:6
176119888	1	[INFO: App       ] Sending response.
176159144	6	[INFO: App       ] Received response 'hello 14' from fd00::201:1:1:1
178259000	4	[INFO: App       ] Sending request 16 to fd00::201:1:1:1
178283600	1	[INFO: App       ] Received request 'hello 16' from fd00::204:4:4:4
178283600	1	[INFO: App       ] Sending response.
178305600	4	[INFO: App       ] Received response 'hello 16' from fd00::201:1:1:1
178804000	10	[INFO: App       ] Sending request 14 to fd00::201:1:1:1
178869888	1	[INFO: App       ] Received request 'hello 14' from fd00::20a:a:a:a
178869888	1	[INFO: App       ] Sending response.
178945400	10	[INFO: App       ] Received response 'hello 14' from fd00::201:1:1:1
180252000	7	[INFO: App       ] Sending request 15 to fd00::201:1:1:1
180308888	1	[INFO: App       ] Received request 'hello 15' from fd00::207:7:7:7
180308888	1	[INFO: App       ] Sending response.
180331000	7	[INFO: App       ] Received response 'hello 15' from fd00::201:1:1:1
181243000	3	[INFO: App       ] Sending request 17 to fd00::201:1:1:1
181274600	1	[INFO: App       ] Received request 'hello 17' from fd00::203:3:3:3
181274600	1	[INFO: App       ] Sending response.
181299600	3	[INFO: App       ] Received response 'hello 17' from fd00::201:1:1:1
181439000	5	[INFO: App       ] Sending request 15 to fd00::201:1:1:1
181500888	1	[INFO: App       ] Received request 'hello 15' from fd00::205:5:5:5
181500888	1	[INFO: App       ] Sending response.
181554144	5	[INFO: App       ] Received response 'hello 15' from fd00::201:1:1:1
182905000	8	[INFO: App       ] Sending request 14 to fd00::201:1:1:1
182945888	1	[INFO: App       ] Received request 'hello 14' from fd00::208:8:8:8
182945888	1	[INFO: App       ] Sending response.
183020400	8	[INFO: App       ] Received response 'hello 14' from fd00::201:1:1:1
184219000	9	[INFO: App       ] Sending request 14 to fd00::201:1:1:1
184295888	1	[INFO: App       ] Received request 'hello 14' from fd00::209:9:9:9
184295888	1	[INFO: App       ] Sending response.
184374400	9	[INFO: App       ] Received response 'hello 14' from fd00::201:1:1:1
185253000	2	[INFO: App       ] Sending request 17 to fd00::201:1:1:1
185291600	1	[INFO: App       ] Received request 'hello 17' from fd00::202:2:2:2
185291600	1	[INFO: App       ] Sending response.
185327600	2	[INFO: App       ] Received response 'hello 17' from fd00::201:1:1:1
185466000	6	[INFO: App       ] Sending request 15 to fd00::201:1:1:1
185525888	1	[INFO: App       ] Received request 'hello 15' from fd00::206:6:6:6
185525888	1	[INFO: App       ] Sending response.
185578144	6	[INFO: App       ] Received response 'hello 15' from fd00::201:1:1:1
187299000	4	[INFO: App       ] Sending request 17 to fd00::201:1:1:1
187307600	1	[INFO: App       ] Received request 'hello 17' from fd00::204:4:4:4
187307600	1	[INFO: App       ] Sending response.
187336600	4	[INFO: App       ] Received response 'hello 17' from fd00::201:1:1:1
188556000	10	[INFO: App       ] Sending request 15 to fd00::201:1:1:1
188647888	1	[INFO: App       ] Received request 'hello 15' from fd00::20a:a:a:a
188647888	1	[INFO: App       ] Sending response.
188719800	10	[INFO: App       ] Received response 'hello 15' from fd00::201:1:1:1
190078000	7	[INFO: App       ] Sending request 16 to fd00::201:1:1:1
190133888	1	[INFO: App       ] Received request 'hello 16' from fd00::207:7:7:7
190133888	1	[INFO: App       ] Sending response.
190191144	7	[INFO: App       ] Received response 'hello 16' from fd00::201:1:1:1
190618000	3	[INFO: App       ] Sending request 18 to fd00::201:1:1:1
190647600	1	[INFO: App       ] Received request 'hello 18' from fd00::203:3:3:3
190647600	1	[INFO: App       ] Sending response.
190666600	3	[INFO: App       ] Received response 'hello 18' from fd00::201:1:1:1
191843000	5	[INFO: App       ] Sending request 16 to fd00::201:1:1:1
191876888	1	[INFO: App       ] Received request 'hello 16' from fd00::205:5:5:5
191876888	1	[INFO: App       ] Sending response.
191936144	5	[INFO: App       ] Received response 'hello 16' from fd00::201:1:1:1
192967000	8	[INFO: App       ] Sending request 15 to fd00::201:1:1:1
193072888	1	[INFO: App       ] Received request 'hello 15' from fd00::208:8:8:8
193072888	1	[INFO: App       ] Sending response.
193175400	8	[INFO: App       ] Received response 'hello 15' from fd00::201:1:1:1
193591000	9	[INFO: App       ] Sending request 15 to fd00::201:1:1:1
193654888	1	[INFO: App       ] Received request 'hello 15' from fd00::209:9:9:9
193654888	1	[INFO: App       ] Sending response.
193691800	9	[INFO: App       ] Received response 'hello 15' from fd00::201:1:1:1
194652000	2	[INFO: App       ] Sending request 18 to fd00::201:1:1:1
194658600	1	[INFO: App       ] Received request 'hello 18' from fd00::202:2:2:2
194658600	1	[INFO: App       ] Sending response.
194677600	2	[INFO: App       ] Received response 'hello 18' from fd00::201:1:1:1
194877000	6	[INFO: App       ] Sending request 16 to fd00::201:1:1:1
194914888	1	[INFO: App       ] Received request 'hello 16' from fd00::206:6:6:6
194914888	1	[INFO: App       ] Sending response.
194934000	6	[INFO: App       ] Received response 'hello 16' from fd00::201:1:1:1
196798000	4	[INFO: App       ] Sending request 18 to fd00::201:1:1:1
196805600	1	[INFO: App       ] Received request 'hello 18' from fd00::204:4:4:4
196805600	1	[INFO: App       ] Sending response.
196835600	4	[INFO: App       ] Received response 'hello 18' from fd00::201:1:1:1
198749000	10	[INFO: App       ] Sending request 16 to fd00::201:1:1:1
198850888	1	[INFO: App       ] Received request 'hello 16' from fd00::20a:a:a:a
198850888	1	[INFO: App       ] Sending response.
198936400	10	[INFO: App       ] Received response 'hello 16' from fd00::201:1:1:1
199249000	7	[INFO: App       ] Sending request 17 to fd00::201:1:1:1
199291888	1	[INFO: App       ] Received request 'hello 17' from fd00::207:7:7:7
199291888	1	[INFO: App       ] Sending response.
199326144	7	[INFO: App       ] Received response 'hello 17' from fd00::201:1:1:1
200592000	3	[INFO: App       ] Sending request 19 to fd00::201:1:1:1
200626600	1	[INFO: App       ] Received request 'hello 19' from fd00::203:3:3:3
200626600	1	[INFO: App       ] Sending response.
200659600	3	[INFO: App       ] Received response 'hello 19' from fd00::201:1:1:1
202506000	5	[INFO: App       ] Sending request 17 to fd00::201:1:1:1
202576888	1	[INFO: App       ] Received request 'hello 17' from fd00::205:5:5:5
202576888	1	[INFO: App       ] Sending response.
202628144	5	[INFO: App       ] Received response 'hello 17' from fd00::201:1:1:1
203197000	8	[INFO: App       ] Sending request 16 to fd00::201:1:1:1
203297888	1	[INFO: App       ] Received request 'hello 16' from fd00::208:8:8:8
203297888	1	[INFO: App       ] Sending response.
203374400	8	[INFO: App       ] Received response 'hello 16' from fd00::201:1:1:1
203808000	9	[INFO: App       ] Sending request 16 to fd00::201:1:1:1
203906000	2	[INFO: App       ] Sending request 19 to fd00::201:1:1:1
203913888	1	[INFO: App       ] Received request 'hello 16' from fd00::209:9:9:9
203913888	1	[INFO: App       ] Sending response.
203924600	1	[INFO: App       ] Received request 'hello 19' from fd00::202:2:2:2
203924600	1	[INFO: App       ] Sending response.
203937600	2	[INFO: App       ] Received response 'hello 19' from fd00::201:1:1:1
203975400	9	[INFO: App       ] Received response 'hello 16' from fd00::201:1:1:1
205642000	6	[INFO: App       ] Sending request 17 to fd00::201:1:1:1
205696888	1	[INFO: App       ] Received request 'hello 17' from fd00::206:6:6:6
205696888	1	[INFO: App       ] Sending response.
205749144	6	[INFO: App       ] Received response 'hello 17' from fd00::201:1:1:1
205879000	4	[INFO: App       ] Sending request 19 to fd00::201:1:1:1
205917600	1	[INFO: App       ] Received request 'hello 19' from fd00::204:4:4:4
205917600	1	[INFO: App       ] Sending response.
205929600	4	[INFO: App       ] Received response 'hello 19' from fd00::201:1:1:1
208698000	10	[INFO: App       ] Sending request 17 to fd00::201:1:1:1
208772888	1	[INFO: App       ] Received request 'hello 17' from fd00::20a:a:a:a
208772888	1	[INFO: App       ] Sending response.
208788000	7	[INFO: App       ] Sending request 18 to fd00::201:1:1:1
208820888	1	[INFO: App       ] Received request 'hello 18' from fd00::207:7:7:7
208820888	1	[INFO: App       ] Sending response.
208845144	7	[INFO: App       ] Received response 'hello 18' from fd00::201:1:1:1
208851400	10	[INFO: App       ] Received response 'hello 17' from fd00::201:1:1:1
209718000	3	[INFO: App       ] Tx/Rx/MissedTx: 20/19/0
209718000	3	[INFO: App       ] Sending request 20 to fd00::201:1:1:1
209742600	1	[INFO: App       ] Received request 'hello 20' from fd00::203:3:3:3
209742600	1	[INFO: App       ] Sending response.
209764600	3	[INFO: App       ] Received response 'hello 20' from fd00::201:1:1:1
212566000	8	[INFO: App       ] Sending request 17 to fd00::201:1:1:1
212616888	1	[INFO: App       ] Received request 'hello 17' from fd00::208:8:8:8
212616888	1	[INFO: App       ] Sending response.
212660800	8	[INFO: App       ] Received response 'hello 17' from fd00::201:1:1:1
212792000	5	[INFO: App       ] Sending request 18 to fd00::201:1:1:1
212814888	1	[INFO: App       ] Received request 'hello 18' from fd00::205:5:5:5
212814888	1	[INFO: App       ] Sending response.
212896144	5	[INFO: App       ] Received response 'hello 18' from fd00::201:1:1:1
213990000	2	[INFO: App       ] Tx/Rx/MissedTx: 20/20/0
213990000	2	[INFO: App       ] Sending request 20 to fd00::201:1:1:1
214034600	1	[INFO: App       ] Received request 'hello 20' from fd00::202:2:2:2
214034600	1	[INFO: App       ] Sending response.
214077600	2	[INFO: App       ] Received response 'hello 20' from fd00::201:1:1:1
214342000	9	[INFO: App       ] Sending request 17 to fd00::201:1:1:1
214441888	1	[INFO: App       ] Received request 'hello 17' from fd00::209:9:9:9
214441888	1	[INFO: App       ] Sending response.
214541400	9	[INFO: App       ] Received response 'hello 17' from fd00::201:1:1:1
215475000	6	[INFO: App       ] Sending request 18 to fd00::201:1:1:1
215530888	1	[INFO: App       ] Received request 'hello 18' from fd00::206:6:6:6
215530888	1	[INFO: App       ] Sending response.
215603144	6	[INFO: App       ] Received response 'hello 18' from fd00::201:1:1:1
216596000	4	[INFO: App       ] Tx/Rx/MissedTx: 20/20/0
216596000	4	[INFO: App       ] Sending request 20 to fd00::201:1:1:1
216641600	1	[INFO: App       ] Received request 'hello 20' from fd00::204:4:4:4
216641600	1	[INFO: App       ] Sending response.
216680600	4	[INFO: App       ] Received response 'hello 20' from fd00::201:1:1:1
218876000	7	[INFO: App       ] Sending request 19 to fd00::201:1:1:1
218936888	1	[INFO: App       ] Received request 'hello 19' from fd00::207:7:7:7
218936888	1	[INFO: App       ] Sending response.
218977144	7	[INFO: App       ] Received response 'hello 19' from fd00::201:1:1:1
219289000	10	[INFO: App       ] Sending request 18 to fd00::201:1:1:1
219351888	1	[INFO: App       ] Received request 'hello 18' from fd00::20a:a:a:a
219351888	1	[INFO: App       ] Sending response.
219432400	10	[INFO: App       ] Received response 'hello 18' from fd00::201:1:1:1
219474000	3	[INFO: App       ] Sending request 21 to fd00::201:1:1:1
219483600	1	[INFO: App       ] Received request 'hello 21' from fd00::203:3:3:3
219483600	1	[INFO: App       ] Sending response.
219489600	3	[INFO: App       ] Received response 'hello 21' from fd00::201:1:1:1
222822000	8	[INFO: App       ] Sending request 18 to fd00::201:1:1:1
222894888	1	[INFO: App       ] Received request 'hello 18' from fd00::208:8:8:8
222894888	1	[INFO: App       ] Sending response.
222999400	8	[INFO: App       ] Received response 'hello 18' from fd00::201:1:1:1
223091000	5	[INFO: App       ] Sending request 19 to fd00::201:1:1:1
223112888	1	[INFO: App       ] Received request 'hello 19' from fd00::205:5:5:5
223112888	1	[INFO: App       ] Sending response.
223134144	5	[INFO: App       ] Received response 'hello 19' from fd00::201:1:1:1
224067000	9	[INFO: App       ] Sending request 18 to fd00::201:1:1:1
224117888	1	[INFO: App       ] Received request 'hello 18' from fd00::209:9:9:9
224117888	1	[INFO: App       ] Sending response.
224189400	9	[INFO: App       ] Received response 'hello 18' from fd00::201:1:1:1
224394000	2	[INFO: App       ] Sending request 21 to fd00::201:1:1:1
224436600	1	[INFO: App       ] Received request 'hello 21' from fd00::202:2:2:2
224436600	1	[INFO: App       ] Sending response.
224469600	2	[INFO: App       ] Received response 'hello 21' from fd00::201:1:1:1
226078000	4	[INFO: App       ] Sending request 21 to fd00::201:1:1:1
226113600	1	[INFO: App       ] Received request 'hello 21' from fd00::204:4:4:4
226113600	1	[INFO: App       ] Sending response.
226140800	4	[INFO: App       ] Received response 'hello 21' from fd00::201:1:1:1
226457000	6	[INFO: App       ] Sending request 19 to fd00::201:1:1:1
226501888	1	[INFO: App       ] Received request 'hello 19' from fd00::206:6:6:6
226501888	1	[INFO: App       ] Sending response.
226555144	6	[INFO: App       ] Received response 'hello 19' from fd00::201:1:1:1
228621000	3	[INFO: App       ] Sending request 22 to fd00::201:1:1:1
228656600	1	[INFO: App       ] Received request 'hello 22' from fd00::203:3:3:3
228656600	1	[INFO: App       ] Sending response.
228700600	3	[INFO: App       ] Received response 'hello 22' from fd00::201:1:1:1
228770000	10	[INFO: App       ] Sending request 19 to fd00::201:1:1:1
228868888	1	[INFO: App       ] Received request 'hello 19' from fd00::20a:a:a:a
228868888	1	[INFO: App       ] Sending response.
228949400	10	[INFO: App       ] Received response 'hello 19' from fd00::201:1:1:1
229634000	7	[INFO: App       ] Tx/Rx/MissedTx: 20/20/0
229634000	7	[INFO: App       ] Sending request 20 to fd00::201:1:1:1
229683888	1	[INFO: App       ] Received request 'hello 20' from fd00::207:7:7:7
229683888	1	[INFO: App       ] Sending response.
229748144	7	[INFO: App       ] Received response 'hello 20' from fd00::201:1:1:1
232464000	8	[INFO: App       ] Sending request 19 to fd00::201:1:1:1
232563888	1	[INFO: App       ] Received request 'hello 19' from fd00::208:8:8:8
232563888	1	[INFO: App       ] Sending response.
232675400	8	[INFO: App       ] Received response 'hello 19' from fd00::201:1:1:1
233220000	5	[INFO: App       ] Tx/Rx/MissedTx: 20/20/0
233220000	5	[INFO: App       ] Sending request 20 to fd00::201:1:1:1
233246888	1	[INFO: App       ] Received request 'hello 20' from fd00::205:5:5:5
233246888	1	[INFO: App       ] Sending response.
233287144	5	[INFO: App       ] Received response 'hello 20' from fd00::201:1:1:1
233568000	2	[INFO: App       ] Sending request 22 to fd00::201:1:1:1
233584600	1	[INFO: App       ] Received request 'hello 22' from fd00::202:2:2:2
233584600	1	[INFO: App       ] Sending response.
233610600	2	[INFO: App       ] Received response 'hello 22' from fd00::201:1:1:1
234474000	9	[INFO: App       ] Sending request 19 to fd00::201:1:1:1
234551888	1	[INFO: App       ] Received request 'hello 19' from fd00::209:9:9:9
234551888	1	[INFO: App       ] Sending response.
234606400	9	[INFO: App       ] Received response 'hello 19' from fd00::201:1:1:1
235454000	4	[INFO: App       ] Sending request 22 to fd00::201:1:1:1
235484600	1	[INFO: App       ] Received request 'hello 22' from fd00::204:4:4:4
235484600	1	[INFO: App       ] Sending response.
235511600	4	[INFO: App       ] Received response 'hello 22' from fd00::201:1:1:1
237051000	6	[INFO: App       ] Tx/Rx/MissedTx: 20/20/0
237051000	6	[INFO: App       ] Sending request 20 to fd00::201:1:1:1
237093744	1	[INFO: App       ] Received request 'hello 20' from fd00::206:6:6:6
237093744	1	[INFO: App       ] Sending response.
237123144	6	[INFO: App       ] Received response 'hello 20' from fd00::201:1:1:1
238013000	3	[INFO: App       ] Sending request 23 to fd00::201:1:1:1
238024600	1	[INFO: App       ] Received request 'hello 23' from fd00::203:3:3:3
238024600	1	[INFO: App       ] Sending response.
238057000	10	[INFO: App       ] Tx/Rx/MissedTx: 20/20/0
238057000	10	[INFO: App       ] Sending request 20 to fd00::201:1:1:1
238057600	3	[INFO: App       ] Received response 'hello 23' from fd00::201:1:1:1
238123032	1	[INFO: App       ] Received request 'hello 20' from fd00::20a:a:a:a
238123032	1	[INFO: App       ] Sending response.
238215400	10	[INFO: App       ] Received response 'hello 20' from fd00::201:1:1:1
240565000	7	[INFO: App       ] Sending request 21 to fd00::201:1:1:1
240585888	1	[INFO: App       ] Received request 'hello 21' from fd00::207:7:7:7
240585888	1	[INFO: App       ] Sending response.
240605000	7	[INFO: App       ] Received response 'hello 21' from fd00::201:1:1:1
242018000	8	[INFO: App       ] Tx/Rx/MissedTx: 20/20/0
242018000	8	[INFO: App       ] Sending request 20 to fd00::201:1:1:1
242087888	1	[INFO: App       ] Received request 'hello 20' from fd00::208:8:8:8
242087888	1	[INFO: App       ] Sending response.
242163800	8	[INFO: App       ] Received response 'hello 20' from fd00::201:1:1:1
242751000	2	[INFO: App       ] Sending request 23 to fd00::201:1:1:1
242765600	1	[INFO: App       ] Received request 'hello 23' from fd00::202:2:2:2
242765600	1	[INFO: App       ] Sending response.
242798600	2	[INFO: App       ] Received response 'hello 23' from fd00::201:1:1:1
243902000	5	[INFO: App       ] Sending request 21 to fd00::201:1:1:1
243945744	1	[INFO: App       ] Received request 'hello 21' from fd00::205:5:5:5
243945744	1	[INFO: App       ] Sending response.
243996144	5	[INFO: App       ] Received response 'hello 21' from fd00::201:1:1:1
243997000	9	[INFO: App       ] Tx/Rx/MissedTx: 20/20/0
243997000	9	[INFO: App       ] Sending request 20 to fd00::201:1:1:1
244061888	1	[INFO: App       ] Received request 'hello 20' from fd00::209:9:9:9
244061888	1	[INFO: App       ] Sending response.
244142400	9	[INFO: App       ] Received response 'hello 20' from fd00::201:1:1:1
245841000	4	[INFO: App       ] Sending request 23 to fd00::201:1:1:1
245877600	1	[INFO: App       ] Received request 'hello 23' from fd00::204:4:4:4
245877600	1	[INFO: App       ] Sending response.
245910600	4	[INFO: App       ] Received response 'hello 23' from fd00::201:1:1:1
247130000	10	[INFO: App       ] Sending request 21 to fd00::201:1:1:1
247177032	1	[INFO: App       ] Received request 'hello 21' from fd00::20a:a:a:a
247177032	1	[INFO: App       ] Sending response.
247244400	10	[INFO: App       ] Received response 'hello 21' from fd00::201:1:1:1
247904000	6	[INFO: App       ] Sending request 21 to fd00::201:1:1:1
247913000	3	[INFO: App       ] Sending request 24 to fd00::201:1:1:1
248016600	1	[INFO: App       ] Received request 'hello 24' from fd00::203:3:3:3
248016600	1	[INFO: App       ] Sending response.
248021888	1	[INFO: App       ] Received request 'hello 21' from fd00::206:6:6:6
248021888	1	[INFO: App       ] Sending response.
248032600	3	[INFO: App       ] Received response 'hello 24' from fd00::201:1:1:1
248076144	6	[INFO: App       ] Received response 'hello 21' from fd00::201:1:1:1
250428000	7	[INFO: App       ] Sending request 22 to fd00::201:1:1:1
250502888	1	[INFO: App       ] Received request 'hello 22' from fd00::207:7:7:7
250502888	1	[INFO: App       ] Sending response.
250563144	7	[INFO: App       ] Received response 'hello 22' from fd00::201:1:1:1
252443000	2	[INFO: App       ] Sending request 24 to fd00::201:1:1:1
252457600	1	[INFO: App       ] Received request 'hello 24' from fd00::202:2:2:2
252457600	1	[INFO: App       ] Sending response.
252477600	2	[INFO: App       ] Received response 'hello 24' from fd00::201:1:1:1
252882000	8	[INFO: App       ] Sending request 21 to fd00::201:1:1:1
252942888	1	[INFO: App       ] Received request 'hello 21' from fd00::208:8:8:8
252942888	1	[INFO: App       ] Sending response.
253008400	8	[INFO: App       ] Received response 'hello 21' from fd00::201:1:1:1
253123000	9	[INFO: App       ] Sending request 21 to fd00::201:1:1:1
253207888	1	[INFO: App       ] Received request 'hello 21' from fd00::209:9:9:9
253207888	1	[INFO: App       ] Sending response.
253264400	9	[INFO: App       ] Received response 'hello 21' from fd00::201:1:1:1
253734000	5	[INFO: App       ] Sending request 22 to fd00::201:1:1:1
253767888	1	[INFO: App       ] Received request 'hello 22' from fd00::205:5:5:5
253767888	1	[INFO: App       ] Sending response.
253822144	5	[INFO: App       ] Received response 'hello 22' from fd00::201:1:1:1
255667000	4	[INFO: App       ] Sending request 24 to fd00::201:1:1:1
255679600	1	[INFO: App       ] Received request 'hello 24' from fd00::204:4:4:4
255679600	1	[INFO: App       ] Sending response.
255706600	4	[INFO: App       ] Received response 'hello 24' from fd00::201:1:1:1
256897000	10	[INFO: App       ] Sending request 22 to fd00::201:1:1:1
257007888	1	[INFO: App       ] Received request 'hello 22' from fd00::20a:a:a:a
257007888	1	[INFO: App       ] Sending response.
257061400	10	[INFO: App       ] Received response 'hello 22' from fd00::201:1:1:1
257235000	3	[INFO: App       ] Sending request 25 to fd00::201:1:1:1
257256600	1	[INFO: App       ] Received request 'hello 25' from fd00::203:3:3:3
257256600	1	[INFO: App       ] Sending response.
257279600	3	[INFO: App       ] Received response 'hello 25' from fd00::201:1:1:1
257703000	6	[INFO: App       ] Sending request 22 to fd00::201:1:1:1
257731888	1	[INFO: App       ] Received request 'hello 22' from fd00::206:6:6:6
257731888	1	[INFO: App       ] Sending response.
257807144	6	[INFO: App       ] Received response 'hello 22' from fd00::201:1:1:1
260604000	7	[INFO: App       ] Sending request 23 to fd00::201:1:1:1
260626888	1	[INFO: App       ] Received request 'hello 23' from fd00::207:7:7:7
260626888	1	[INFO: App       ] Sending response.
260670144	7	[INFO: App       ] Received response 'hello 23' from fd00::201:1:1:1
261662000	2	[INFO: App       ] Sending request 25 to fd00::201:1:1:1
261704600	1	[INFO: App       ] Received request 'hello 25' from fd00::202:2:2:2
261704600	1	[INFO: App       ] Sending response.
261741600	2	[INFO: App       ] Received response 'hello 25' from fd00::201:1:1:1
262541000	9	[INFO: App       ] Sending request 22 to fd00::201:1:1:1
262605888	1	[INFO: App       ] Received request 'hello 22' from fd00::209:9:9:9
262605888	1	[INFO: App       ] Sending response.
262653400	9	[INFO: App       ] Received response 'hello 22' from fd00::201:1:1:1
262897000	8	[INFO: App       ] Sending request 22 to fd00::201:1:1:1
262990888	1	[INFO: App       ] Received request 'hello 22' from fd00::208:8:8:8
262990888	1	[INFO: App       ] Sending response.
263052400	8	[INFO: App       ] Received response 'hello 22' from fd00::201:1:1:1
263696000	5	[INFO: App       ] Sending request 23 to fd00::201:1:1:1
263774888	1	[INFO: App       ] Received request 'hello 23' from fd00::205:5:5:5
263774888	1	[INFO: App       ] Sending response.
263852144	5	[INFO: App       ] Received response 'hello 23' from fd00::201:1:1:1
265261000	4	[INFO: App       ] Sending request 25 to fd00::201:1:1:1
265301600	1	[INFO: App       ] Received request 'hello 25' from fd00::204:4:4:4
265301600	1	[INFO: App       ] Sending response.
265315600	4	[INFO: App       ] Received response 'hello 25' from fd00::201:1:1:1
266491000	10	[INFO: App       ] Sending request 23 to fd00::201:1:1:1
266570888	1	[INFO: App       ] Received request 'hello 23' from fd00::20a:a:a:a
266570888	1	[INFO: App       ] Sending response.
266591000	3	[INFO: App       ] Sending request 26 to fd00::201:1:1:1
266606600	1	[INFO: App       ] Received request 'hello 26' from fd00::203:3:3:3
266606600	1	[INFO: App       ] Sending response.
266644400	10	[INFO: App       ] Received response 'hello 23' from fd00::201:1:1:1
266669600	3	[INFO: App       ] Received response 'hello 26' from fd00::201:1:1:1
266838000	6	[INFO: App       ] Sending request 23 to fd00::201:1:1:1
266877888	1	[INFO: App       ] Received request 'hello 23' from fd00::206:6:6:6
266877888	1	[INFO: App       ] Sending response.
266929144	6	[INFO: App       ] Received response 'hello 23' from fd00::201:1:1:1
270373000	7	[INFO: App       ] Sending request 24 to fd00::201:1:1:1
270404888	1	[INFO: App       ] Received request 'hello 24' from fd00::207:7:7:7
270404888	1	[INFO: App       ] Sending response.
270443144	7	[INFO: App       ] Received response 'hello 24' from fd00::201:1:1:1
272207000	8	[INFO: App       ] Sending request 23 to fd00::201:1:1:1
272247000	9	[INFO: App       ] Sending request 23 to fd00::201:1:1:1
272272888	1	[INFO: App       ] Received request 'hello 23' from fd00::208:8:8:8
272272888	1	[INFO: App       ] Sending response.
272310032	1	[INFO: App       ] Received request 'hello 23' from fd00::209:9:9:9
272310032	1	[INFO: App       ] Sending response.
272332800	8	[INFO: App       ] Received response 'hello 23' from fd00::201:1:1:1
272381400	9	[INFO: App       ] Received response 'hello 23' from fd00::201:1:1:1
272534000	2	[INFO: App       ] Sending request 26 to fd00::201:1:1:1
272575600	1	[INFO: App       ] Received request 'hello 26' from fd00::202:2:2:2
272575600	1	[INFO: App       ] Sending response.
272619600	2	[INFO: App       ] Received response 'hello 26' from fd00::201:1:1:1
273952000	5	[INFO: App       ] Sending request 24 to fd00::201:1:1:1
274010888	1	[INFO: App       ] Received request 'hello 24' from fd00::205:5:5:5
274010888	1	[INFO: App       ] Sending response.
274064144	5	[INFO: App       ] Received response 'hello 24' from fd00::201:1:1:1
276011000	3	[INFO: App       ] Sending request 27 to fd00::201:1:1:1
276054600	1	[INFO: App       ] Received request 'hello 27' from fd00::203:3:3:3
276054600	1	[INFO: App       ] Sending response.
276085600	3	[INFO: App       ] Received response 'hello 27' from fd00::201:1:1:1
276247000	4	[INFO: App       ] Sending request 26 to fd00::201:1:1:1
276252000	10	[INFO: App       ] Sending request 24 to fd00::201:1:1:1
276278600	1	[INFO: App       ] Received request 'hello 26' from fd00::204:4:4:4
276278600	1	[INFO: App       ] Sending response.
276296600	4	[INFO: App       ] Received response 'hello 26' from fd00::201:1:1:1
276315888	1	[INFO: App       ] Received request 'hello 24' from fd00::20a:a:a:a
276315888	1	[INFO: App       ] Sending response.
276413400	10	[INFO: App       ] Received response 'hello 24' from fd00::201:1:1:1
277724000	6	[INFO: App       ] Sending request 24 to fd00::201:1:1:1
277792888	1	[INFO: App       ] Received request 'hello 24' from fd00::206:6:6:6
277792888	1	[INFO: App       ] Sending response.
277810144	6	[INFO: App       ] Received response 'hello 24' from fd00::201:1:1:1
280107000	7	[INFO: App       ] Sending request 25 to fd00::201:1:1:1
280168888	1	[INFO: App       ] Received request 'hello 25' from fd00::207:7:7:7
280168888	1	[INFO: App       ] Sending response.
280193144	7	[INFO: App       ] Received response 'hello 25' from fd00::201:1:1:1
281471000	8	[INFO: App       ] Sending request 24 to fd00::201:1:1:1
281571888	1	[INFO: App       ] Received request 'hello 24' from fd00::208:8:8:8
281571888	1	[INFO: App       ] Sending response.
281662400	8	[INFO: App       ] Received response 'hello 24' from fd00::201:1:1:1
281958000	9	[INFO: App       ] Sending request 24 to fd00::201:1:1:1
282055888	1	[INFO: App       ] Received request 'hello 24' from fd00::209:9:9:9
282055888	1	[INFO: App       ] Sending response.
282130400	9	[INFO: App       ] Received response 'hello 24' from fd00::201:1:1:1
282861000	2	[INFO: App       ] Sending request 27 to fd00::201:1:1:1
282900600	1	[INFO: App       ] Received request 'hello 27' from fd00::202:2:2:2
282900600	1	[INFO: App       ] Sending response.
282933600	2	[INFO: App       ] Received response 'hello 27' from fd00::201:1:1:1
283800000	5	[INFO: App       ] Sending request 25 to fd00::201:1:1:1
283855888	1	[INFO: App       ] Received request 'hello 25' from fd00::205:5:5:5
283855888	1	[INFO: App       ] Sending response.
283926144	5	[INFO: App       ] Received response 'hello 25' from fd00::201:1:1:1
285615000	3	[INFO: App       ] Sending request 28 to fd00::201:1:1:1
285645600	1	[INFO: App       ] Received request 'hello 28' from fd00::203:3:3:3
285645600	1	[INFO: App       ] Sending response.
285689600	3	[INFO: App       ] Received response 'hello 28' from fd00::201:1:1:1
286990000	10	[INFO: App       ] Sending request 25 to fd00::201:1:1:1
287024888	1	[INFO: App       ] Received request 'hello 25' from fd00::20a:a:a:a
287024888	1	[INFO: App       ] Sending response.
287097400	10	[INFO: App       ] Received response 'hello 25' from fd00::201:1:1:1
287116000	4	[INFO: App       ] Sending request 27 to fd00::201:1:1:1
287121600	1	[INFO: App       ] Received request 'hello 27' from fd00::204:4:4:4
287121600	1	[INFO: App       ] Sending response.
287139600	4	[INFO: App       ] Received response 'hello 27' from fd00::201:1:1:1
288609000	6	[INFO: App       ] Sending request 25 to fd00::201:1:1:1
288646888	1	[INFO: App       ] Received request 'hello 25' from fd00::206:6:6:6
288646888	1	[INFO: App       ] Sending response.
288686000	6	[INFO: App       ] Received response 'hello 25' from fd00::201:1:1:1
289618000	7	[INFO: App       ] Sending request 26 to fd00::201:1:1:1
289691888	1	[INFO: App       ] Received request 'hello 26' from fd00::207:7:7:7
289691888	1	[INFO: App       ] Sending response.
289719144	7	[INFO: App       ] Received response 'hello 26' from fd00::201:1:1:1
290483000	8	[INFO: App       ] Sending request 25 to fd00::201:1:1:1
290573888	1	[INFO: App       ] Received request 'hello 25' from fd00::208:8:8:8
290573888	1	[INFO: App       ] Sending response.
290619800	8	[INFO: App       ] Received response 'hello 25' from fd00::201:1:1:1
291864000	9	[INFO: App       ] Sending request 25 to fd00::201:1:1:1
291918888	1	[INFO: App       ] Received request 'hello 25' from fd00::209:9:9:9
291918888	1	[INFO: App       ] Sending response.
291979400	9	[INFO: App       ] Received response 'hello 25' from fd00::201:1:1:1
292997000	2	[INFO: App       ] Sending request 28 to fd00::201:1:1:1
293037600	1	[INFO: App       ] Received request 'hello 28' from fd00::202:2:2:2
293037600	1	[INFO: App       ] Sending response.
293061600	2	[INFO: App       ] Received response 'hello 28' from fd00::201:1:1:1
294054000	5	[INFO: App       ] Sending request 26 to fd00::201:1:1:1
294103888	1	[INFO: App       ] Received request 'hello 26' from fd00::205:5:5:5
294103888	1	[INFO: App       ] Sending response.
294140144	5	[INFO: App       ] Received response 'hello 26' from fd00::201:1:1:1
295406000	3	[INFO: App       ] Sending request 29 to fd00::201:1:1:1
295449600	1	[INFO: App       ] Received request 'hello 29' from fd00::203:3:3:3
295449600	1	[INFO: App       ] Sending response.
295491600	3	[INFO: App       ] Received response 'hello 29' from fd00::201:1:1:1
296337000	10	[INFO: App       ] Sending request 26 to fd00::201:1:1:1
296422888	1	[INFO: App       ] Received request 'hello 26' from fd00::20a:a:a:a
296422888	1	[INFO: App       ] Sending response.
296488400	10	[INFO: App       ] Received response 'hello 26' from fd00::201:1:1:1
297145000	4	[INFO: App       ] Sending request 28 to fd00::201:1:1:1
297188600	1	[INFO: App       ] Received request 'hello 28' from fd00::204:4:4:4
297188600	1	[INFO: App       ] Sending response.
297205600	4	[INFO: App       ] Received response 'hello 28' from fd00::201:1:1:1
298258000	6	[INFO: App       ] Sending request 26 to fd00::201:1:1:1
298279888	1	[INFO: App       ] Received request 'hello 26' from fd00::206:6:6:6
298279888	1	[INFO: App       ] Sending response.
298338144	6	[INFO: App       ] Received response 'hello 26' from fd00::201:1:1:1
SUMMARY clients_heard_by_root=9
TEST OK
Test ended at simulation time: 300000000
