Random seed: 1
65000	6	[INFO: Main      ] - Routing: RPL Lite
65000	6	[INFO: Main      ] - Net: sicslowpan
65000	6	[INFO: Main      ] - MAC: CSMA
65000	6	[INFO: Main      ] - 802.15.4 PANID: 0xabcd
65000	6	[INFO: Main      ] - 802.15.4 Default channel: 26
65000	6	[INFO: Main      ] Node ID: 6
65000	6	[INFO: Main      ] Link-layer address: 0006.0006.0006.0006
65000	6	[INFO: Main      ] Tentative link-local IPv6 address: fe80::206:6:6:6
65000	6	IDS	init	window=300	dis_thr=3	block_thr=2	temp_block=60	warmup=0	mode=paper	eval=300
240000	10	[INFO: Main      ] Starting Contiki-NG-release/v5.2-dirty
240000	10	[INFO: Main      ] - Routing: RPL Lite
240000	10	[INFO: Main      ] - Net: sicslowpan
240000	10	[INFO: Main      ] - MAC: CSMA
240000	10	[INFO: Main      ] - 802.15.4 PANID: 0xabcd
240000	10	[INFO: Main      ] - 802.15.4 Default channel: 26
240000	10	[INFO: Main      ] Node ID: 10
240000	10	[INFO: Main      ] Link-layer address: 000a.000a.000a.000a
240000	10	[INFO: Main      ] Tentative link-local IPv6 address: fe80::20a:a:a:a
240000	10	IDS	init	window=300	dis_thr=3	block_thr=2	temp_block=60	warmup=0	mode=paper	eval=300
302000	4	[INFO: Main      ] Starting Contiki-NG-release/v5.2-dirty
302000	4	[INFO: Main      ] - Routing: RPL Lite
302000	4	[INFO: Main      ] - Net: sicslowpan
302000	4	[INFO: Main      ] - MAC: CSMA
302000	4	[INFO: Main      ] - 802.15.4 PANID: 0xabcd
302000	4	[INFO: Main      ] - 802.15.4 Default channel: 26
302000	4	[INFO: Main      ] Node ID: 4
302000	4	[INFO: Main      ] Link-layer address: 0004.0004.0004.0004
302000	4	[INFO: Main      ] Tentative link-local IPv6 address: fe80::204:4:4:4
302000	4	ATK	info	neighbor	start=75	dur=0	period_ms=10000
505000	8	[INFO: Main      ] Starting Contiki-NG-release/v5.2-dirty
505000	8	[INFO: Main      ] - Routing: RPL Lite
505000	8	[INFO: Main      ] - Net: sicslowpan
505000	8	[INFO: Main      ] - MAC: CSMA
505000	8	[INFO: Main      ] - 802.15.4 PANID: 0xabcd
505000	8	[INFO: Main      ] - 802.15.4 Default channel: 26
505000	8	[INFO: Main      ] Node ID: 8
505000	8	[INFO: Main      ] Link-layer address: 0008.0008.0008.0008
505000	8	[INFO: Main      ] Tentative link-local IPv6 address: fe80::208:8:8:8
505000	8	IDS	init	window=300	dis_thr=3	block_thr=2	temp_block=60	warmup=0	mode=paper	eval=300
549000	1	[INFO: Main      ] Starting Contiki-NG-release/v5.2-dirty
549000	1	[INFO: Main      ] - Routing: RPL Lite
549000	1	[INFO: Main      ] - Net: sicslowpan
549000	1	[INFO: Main      ] - MAC: CSMA
549000	1	[INFO: Main      ] - 802.15.4 PANID: 0xabcd
549000	1	[INFO: Main      ] - 802.15.4 Default channel: 26
549000	1	[INFO: Main      ] Node ID: 1
549000	1	[INFO: Main      ] Link-layer address: 0001.0001.0001.0001
549000	1	[INFO: Main      ] Tentative link-local IPv6 address: fe80::201:1:1:1
549000	1	ROOT	start
642000	3	[INFO: Main      ] Starting Contiki-NG-release/v5.2-dirty
642000	3	[INFO: Main      ] - Routing: RPL Lite
642000	3	[INFO: Main      ] - Net: sicslowpan
642000	3	[INFO: Main      ] - MAC: CSMA
642000	3	[INFO: Main      ] - 802.15.4 PANID: 0xabcd
642000	3	[INFO: Main      ] - 802.15.4 Default channel: 26
642000	3	[INFO: Main      ] Node ID: 3
642000	3	[INFO: Main      ] Link-layer address: 0003.0003.0003.0003
642000	3	[INFO: Main      ] Tentative link-local IPv6 address: fe80::203:3:3:3
642000	3	IDS	init	window=300	dis_thr=3	block_thr=2	temp_block=60	warmup=0	mode=paper	eval=300
765000	2	[INFO: Main      ] Starting Contiki-NG-release/v5.2-dirty
765000	2	[INFO: Main      ] - Routing: RPL Lite
765000	2	[INFO: Main      ] - Net: sicslowpan
765000	2	[INFO: Main      ] - MAC: CSMA
765000	2	[INFO: Main      ] - 802.15.4 PANID: 0xabcd
765000	2	[INFO: Main      ] - 802.15.4 Default channel: 26
765000	2	[INFO: Main      ] Node ID: 2
765000	2	[INFO: Main      ] Link-layer address: 0002.0002.0002.0002
765000	2	[INFO: Main      ] Tentative link-local IPv6 address: fe80::202:2:2:2
765000	2	IDS	init	window=300	dis_thr=3	block_thr=2	temp_block=60	warmup=0	mode=paper	eval=300
815000	7	[INFO: Main      ] Starting Contiki-NG-release/v5.2-dirty
815000	7	[INFO: Main      ] - Routing: RPL Lite
815000	7	[INFO: Main      ] - Net: sicslowpan
815000	7	[INFO: Main      ] - MAC: CSMA
815000	7	[INFO: Main      ] - 802.15.4 PANID: 0xabcd
815000	7	[INFO: Main      ] - 802.15.4 Default channel: 26
815000	7	[INFO: Main      ] Node ID: 7
815000	7	[INFO: Main      ] Link-layer address: 0007.0007.0007.0007
815000	7	[INFO: Main      ] Tentative link-local IPv6 address: fe80::207:7:7:7
815000	7	IDS	init	window=300	dis_thr=3	block_thr=2	temp_block=60	warmup=0	mode=paper	eval=300
907000	9	[INFO: Main      ] Starting Contiki-NG-release/v5.2-dirty
907000	9	[INFO: Main      ] - Routing: RPL Lite
907000	9	[INFO: Main      ] - Net: sicslowpan
907000	9	[INFO: Main      ] - MAC: CSMA
907000	9	[INFO: Main      ] - 802.15.4 PANID: 0xabcd
907000	9	[INFO: Main      ] - 802.15.4 Default channel: 26
907000	9	[INFO: Main      ] Node ID: 9
907000	9	[INFO: Main      ] Link-layer address: 0009.0009.0009.0009
907000	9	[INFO: Main      ] Tentative link-local IPv6 address: fe80::209:9:9:9
907000	9	IDS	init	window=300	dis_thr=3	block_thr=2	temp_block=60	warmup=0	mode=paper	eval=300
971000	5	[INFO: Main      ] Starting Contiki-NG-release/v5.2-dirty
971000	5	[INFO: Main      ] - Routing: RPL Lite
971000	5	[INFO: Main      ] - Net: sicslowpan
971000	5	[INFO: Main      ] - MAC: CSMA
971000	5	[INFO: Main      ] - 802.15.4 PANID: 0xabcd
971000	5	[INFO: Main      ] - 802.15.4 Default channel: 26
971000	5	[INFO: Main      ] Node ID: 5
971000	5	[INFO: Main      ] Link-layer address: 0005.0005.0005.0005
971000	5	[INFO: Main      ] Tentative link-local IPv6 address: fe80::205:5:5:5
971000	5	IDS	init	window=300	dis_thr=3	block_thr=2	temp_block=60	warmup=0	mode=paper	eval=300
3007040	2	EV	DIO	1
3007040	2	[WARN: RPL       ] just joined, no parent yet, setting timer for leaving
3007040	3	EV	DIO	1
3007040	3	[WARN: RPL       ] just joined, no parent yet, setting timer for leaving
3007040	4	[WARN: RPL       ] just joined, no parent yet, setting timer for leaving
9792296	3	PAR	0	1	1
9792296	3	[WARN: RPL       ] found parent: fe80::201:1:1:1, staying in DAG
10193296	4	PAR	0	1	1
10193296	4	[WARN: RPL       ] found parent: fe80::201:1:1:1, staying in DAG
12305040	2	EV	DIO	1
12305040	3	EV	DIO	1
14016296	2	PAR	0	1	1
14016296	2	[WARN: RPL       ] found parent: fe80::201:1:1:1, staying in DAG
15225800	2	EV	DIS	6
15225800	3	EV	DIS	6
15225800	5	EV	DIS	6
15225800	5	[WARN: RPL       ] dis_input: not in an instance yet, discard
15225800	7	EV	DIS	6
15225800	7	[WARN: RPL       ] dis_input: not in an instance yet, discard
15225800	8	EV	DIS	6
15225800	8	[WARN: RPL       ] dis_input: not in an instance yet, discard
15225800	9	EV	DIS	6
15225800	9	[WARN: RPL       ] dis_input: not in an instance yet, discard
15225800	10	EV	DIS	6
15225800	10	[WARN: RPL       ] dis_input: not in an instance yet, discard
16299040	2	EV	DIO	3
16299040	5	EV	DIO	3
16299040	5	[WARN: RPL       ] just joined, no parent yet, setting timer for leaving
16299040	6	EV	DIO	3
16299040	6	[WARN: RPL       ] just joined, no parent yet, setting timer for leaving
16299040	7	EV	DIO	3
16299040	7	[WARN: RPL       ] just joined, no parent yet, setting timer for leaving
16802040	3	EV	DIO	4
16802040	6	EV	DIO	4
16802040	7	EV	DIO	4
17460296	3	EV	DIO	6
18561296	3	EV	DIO	7
18775000	2	TX	0
18810376	1	RX	2	0
19009296	3	EV	DIO	5
20007800	2	EV	DIS	5
20007800	3	EV	DIS	5
20007800	6	EV	DIS	5
20007800	8	EV	DIS	5
20007800	8	[WARN: RPL       ] dis_input: not in an instance yet, discard
20007800	9	EV	DIS	5
20007800	9	[WARN: RPL       ] dis_input: not in an instance yet, discard
20147800	5	EV	DIS	9
20147800	6	EV	DIS	9
20147800	7	EV	DIS	9
20147800	8	EV	DIS	9
20147800	8	[WARN: RPL       ] dis_input: not in an instance yet, discard
20147800	10	EV	DIS	9
20147800	10	[WARN: RPL       ] dis_input: not in an instance yet, discard
20264296	3	EV	DIO	6
20377800	5	EV	DIS	8
20377800	6	EV	DIS	8
20377800	9	EV	DIS	8
20377800	9	[WARN: RPL       ] dis_input: not in an instance yet, discard
21003800	3	EV	DIS	7
21003800	6	EV	DIS	7
21003800	9	EV	DIS	7
21003800	9	[WARN: RPL       ] dis_input: not in an instance yet, discard
21003800	10	EV	DIS	7
21003800	10	[WARN: RPL       ] dis_input: not in an instance yet, discard
21326040	3	EV	DIO	2
21326040	5	EV	DIO	2
21326040	6	EV	DIO	2
22427040	2	EV	DIO	3
22427040	5	EV	DIO	3
22427040	6	EV	DIO	3
22427040	7	EV	DIO	3
22830296	3	EV	DIO	5
23606296	3	EV	DIO	6
24956040	3	EV	DIO	4
24956040	6	EV	DIO	4
24956040	7	EV	DIO	4
25060296	3	EV	DIO	5
25228000	3	TX	0
25237376	1	RX	3	0
26758000	4	TX	0
26797376	1	RX	4	0
26935296	3	EV	DIO	6
26935296	6	PAR	0	3	1
26935296	6	[WARN: RPL       ] found parent: fe80::203:3:3:3, staying in DAG
27348040	2	EV	DIO	1
27348040	3	EV	DIO	1
27519296	3	EV	DIO	5
27519296	5	PAR	0	3	1
27519296	5	[WARN: RPL       ] found parent: fe80::203:3:3:3, staying in DAG
28639296	7	PAR	0	4	1
28639296	7	[WARN: RPL       ] found parent: fe80::204:4:4:4, staying in DAG
29901040	3	EV	DIO	2
29901040	5	EV	DIO	2
29901040	6	EV	DIO	2
30065000	6	STAT	0	0	1	0	3	7
30240000	10	STAT	0	0	0	0	0	3
30505000	8	STAT	0	0	0	0	0	3
30549000	1	RSTAT	3	3	0
30642000	3	STAT	295	1	1	1	6	6
30765000	2	STAT	321	1	1	1	2	4
30815000	7	STAT	0	0	1	0	2	4
30907000	9	STAT	0	0	0	0	0	4
30971000	5	STAT	0	0	1	0	2	5
31609040	3	EV	DIO	4
31609040	6	EV	DIO	4
31609040	7	EV	DIO	4
31665040	2	EV	DIO	3
31665040	5	EV	DIO	3
31665040	6	EV	DIO	3
31665040	7	EV	DIO	3
33784000	5	TX	0
33842664	1	RX	5	0
34338040	2	EV	DIO	5
34338040	3	EV	DIO	5
34338040	6	EV	DIO	5
34338040	8	EV	DIO	5
34338040	8	[WARN: RPL       ] just joined, no parent yet, setting timer for leaving
34338040	9	EV	DIO	5
34338040	9	[WARN: RPL       ] just joined, no parent yet, setting timer for leaving
34397040	2	EV	DIO	6
34397040	3	EV	DIO	6
34397040	5	EV	DIO	6
34397040	7	EV	DIO	6
34397040	8	EV	DIO	6
34397040	9	EV	DIO	6
34397040	10	EV	DIO	6
34397040	10	[WARN: RPL       ] just joined, no parent yet, setting timer for leaving
35011296	6	EV	DIO	10
35535296	6	EV	DIO	10
36122040	3	EV	DIO	7
36122040	6	EV	DIO	7
36122040	9	EV	DIO	7
36122040	10	EV	DIO	7
37180296	5	EV	DIO	8
37287296	5	EV	DIO	9
37718296	6	EV	DIO	10
37829296	6	EV	DIO	9
39573296	6	EV	DIO	9
39718296	6	EV	DIO	9
39753040	2	EV	DIO	6
39753040	3	EV	DIO	6
39753040	5	EV	DIO	6
39753040	7	EV	DIO	6
39753040	8	EV	DIO	6
39753040	9	EV	DIO	6
39753040	10	EV	DIO	6
39879296	6	EV	DIO	10
39879296	10	PAR	0	6	1
39879296	10	[WARN: RPL       ] found parent: fe80::206:6:6:6, staying in DAG
39907800	5	EV	DIS	9
39907800	6	EV	DIS	9
39907800	7	EV	DIS	9
39907800	8	EV	DIS	9
39907800	10	EV	DIS	9
40178296	5	EV	DIO	8
40569296	6	EV	DIO	9
40569296	9	PAR	0	6	1
40569296	9	[WARN: RPL       ] found parent: fe80::206:6:6:6, staying in DAG
41987040	3	EV	DIO	2
41987040	5	EV	DIO	2
41987040	6	EV	DIO	2
42280296	5	EV	DIO	8
43507040	2	EV	DIO	6
43507040	3	EV	DIO	6
43507040	5	EV	DIO	6
43507040	7	EV	DIO	6
43507040	8	EV	DIO	6
43507040	9	EV	DIO	6
43507040	10	EV	DIO	6
43862040	3	EV	DIO	7
43862040	6	EV	DIO	7
43862040	9	EV	DIO	7
43862040	10	EV	DIO	7
43888040	2	EV	DIO	5
43888040	3	EV	DIO	5
43888040	6	EV	DIO	5
43888040	8	EV	DIO	5
43888040	9	EV	DIO	5
44116296	5	EV	DIO	8
44116296	8	PAR	0	5	1
44116296	8	[WARN: RPL       ] found parent: fe80::205:5:5:5, staying in DAG
45946040	6	EV	DIO	10
45946040	7	EV	DIO	10
45946040	9	EV	DIO	10
46417040	3	EV	DIO	4
46417040	6	EV	DIO	4
46417040	7	EV	DIO	4
46494040	2	EV	DIO	3
46494040	5	EV	DIO	3
46494040	6	EV	DIO	3
46494040	7	EV	DIO	3
46771040	5	EV	DIO	9
46771040	6	EV	DIO	9
46771040	7	EV	DIO	9
46771040	8	EV	DIO	9
46771040	10	EV	DIO	9
48125040	2	EV	DIO	5
48125040	3	EV	DIO	5
48125040	6	EV	DIO	5
48125040	8	EV	DIO	5
48125040	9	EV	DIO	5
48613000	2	TX	1
48622376	1	RX	2	1
48737040	2	EV	DIO	1
48737040	3	EV	DIO	1
48869000	10	TX	0
48953664	1	RX	10	0
49431000	9	TX	0
49585664	1	RX	9	0
50209040	2	EV	DIO	6
50209040	3	EV	DIO	6
50209040	5	EV	DIO	6
50209040	7	EV	DIO	6
50209040	8	EV	DIO	6
50209040	9	EV	DIO	6
50209040	10	EV	DIO	6
51786040	5	EV	DIO	8
51786040	6	EV	DIO	8
51786040	9	EV	DIO	8
51914040	3	EV	DIO	7
51914040	6	EV	DIO	7
51914040	9	EV	DIO	7
51914040	10	EV	DIO	7
52125040	6	EV	DIO	10
52125040	7	EV	DIO	10
52125040	9	EV	DIO	10
52248000	7	TX	0
52267664	1	RX	7	0
53684000	6	TX	0
53693040	5	EV	DIO	9
53693040	6	EV	DIO	9
53693040	7	EV	DIO	9
53693040	8	EV	DIO	9
53693040	10	EV	DIO	9
53723664	1	RX	6	0
55722000	3	TX	1
55739376	1	RX	3	1
56688000	4	TX	1
56719376	1	RX	4	1
57118296	6	EV	DIO	4
58637040	5	EV	DIO	8
58637040	6	EV	DIO	8
58637040	9	EV	DIO	8
60065000	6	STAT	429	3	1	1	8	8
60240000	10	STAT	625	6	1	1	3	3
60505000	8	STAT	642	5	1	0	3	3
60549000	1	RSTAT	11	3	0
60642000	3	STAT	266	1	1	2	6	6
60765000	2	STAT	314	1	1	2	4	4
60815000	7	STAT	481	4	1	1	5	5
60907000	9	STAT	599	6	1	1	5	5
60971000	5	STAT	463	3	1	1	5	5
61426040	3	EV	DIO	7
61426040	6	EV	DIO	7
61426040	9	EV	DIO	7
61426040	10	EV	DIO	7
63318040	6	EV	DIO	10
63318040	7	EV	DIO	10
63318040	9	EV	DIO	10
63610000	5	TX	1
63659664	1	RX	5	1
64647040	2	EV	DIO	5
64647040	3	EV	DIO	5
64647040	6	EV	DIO	5
64647040	8	EV	DIO	5
64647040	9	EV	DIO	5
64840040	3	EV	DIO	2
64840040	5	EV	DIO	2
64840040	6	EV	DIO	2
65535040	2	EV	DIO	6
65535040	3	EV	DIO	6
65535040	5	EV	DIO	6
65535040	7	EV	DIO	6
65535040	8	EV	DIO	6
65535040	9	EV	DIO	6
65535040	10	EV	DIO	6
68117040	5	EV	DIO	9
68117040	6	EV	DIO	9
68117040	7	EV	DIO	9
68117040	8	EV	DIO	9
68117040	10	EV	DIO	9
72317040	3	EV	DIO	4
72317040	6	EV	DIO	4
72317040	7	EV	DIO	4
73594000	8	TX	0
73693664	1	RX	8	0
75302000	4	ATK	start	neighbor	10000
75831040	2	EV	DIO	3
75831040	5	EV	DIO	3
75831040	6	EV	DIO	3
75831040	7	EV	DIO	3
76494040	5	EV	DIO	8
76494040	6	EV	DIO	8
76494040	9	EV	DIO	8
78863000	10	TX	1
78912584	1	RX	10	1
79063000	2	TX	2
79097376	1	RX	2	2
79527000	9	TX	1
79614664	1	RX	9	1
82779000	7	TX	1
82842664	1	RX	7	1
83757000	6	TX	1
83810664	1	RX	6	1
85303000	4	ATK	send	neighbor	0
85320040	3	EV	DIO	4
85320040	6	EV	DIO	4
85320040	7	EV	DIO	4
86475000	3	TX	2
86493376	1	RX	3	2
87296000	4	TX	2
87305376	1	RX	4	2
87982296	6	EV	DIO	2
90065000	6	STAT	408	3	1	2	8	8
90240000	10	STAT	615	6	1	2	3	3
90275040	5	EV	DIO	9
90275040	6	EV	DIO	9
90275040	7	EV	DIO	9
90275040	8	EV	DIO	9
90275040	10	EV	DIO	9
90505000	8	STAT	624	5	1	1	3	3
90516040	2	EV	DIO	5
90516040	3	EV	DIO	5
90516040	6	EV	DIO	5
90516040	8	EV	DIO	5
90516040	9	EV	DIO	5
90549000	1	RSTAT	20	3	0
90642000	3	STAT	260	1	1	3	6	6
90765000	2	STAT	308	1	1	3	4	4
90815000	7	STAT	460	4	1	2	5	5
90907000	9	STAT	592	6	1	2	5	5
90971000	5	STAT	438	3	1	2	5	5
92503040	2	EV	DIO	6
92503040	3	EV	DIO	6
92503040	5	EV	DIO	6
92503040	7	EV	DIO	6
92503040	8	EV	DIO	6
92503040	9	EV	DIO	6
92503040	10	EV	DIO	6
94312000	5	TX	2
94333296	1	RX	5	2
95304000	4	ATK	send	neighbor	1
95317040	3	EV	DIO	4
95317040	6	EV	DIO	4
95317040	7	EV	DIO	4
96355040	3	EV	DIO	7
96355040	6	EV	DIO	7
96355040	9	EV	DIO	7
96355040	10	EV	DIO	7
96843040	5	EV	DIO	8
96843040	6	EV	DIO	8
96843040	9	EV	DIO	8
100169040	6	EV	DIO	10
100169040	7	EV	DIO	10
100169040	9	EV	DIO	10
102620000	8	TX	1
102713664	1	RX	8	1
105305000	4	ATK	send	neighbor	2
105348040	3	EV	DIO	4
105348040	6	EV	DIO	4
105348040	7	EV	DIO	4
108559000	2	TX	3
108591376	1	RX	2	3
108775000	10	TX	2
108815664	1	RX	10	2
108827000	9	TX	2
108906664	1	RX	9	2
110895296	6	EV	DIO	5
113068000	7	TX	2
113128664	1	RX	7	2
114526000	6	TX	2
114581664	1	RX	6	2
115306000	4	ATK	send	neighbor	3
115328040	3	EV	DIO	4
115328040	6	EV	DIO	4
115328040	7	EV	DIO	4
116881000	4	TX	3
116925376	1	RX	4	3
116968000	3	TX	3
116985376	1	RX	3	3
117762040	2	EV	DIO	1
117762040	3	EV	DIO	1
120065000	6	STAT	402	3	1	3	8	8
120240000	10	STAT	588	6	1	3	3	3
120505000	8	STAT	601	5	1	2	3	3
120549000	1	RSTAT	29	3	0
120642000	3	STAT	256	1	1	4	6	6
120765000	2	STAT	302	1	1	4	4	4
120815000	7	STAT	447	4	1	3	5	5
120907000	9	STAT	567	6	1	3	5	5
120971000	5	STAT	428	3	1	3	5	5
122698040	3	EV	DIO	4
122698040	6	EV	DIO	4
122698040	7	EV	DIO	4
124931000	5	TX	3
124991664	1	RX	5	3
125307000	4	ATK	send	neighbor	4
125332040	3	EV	DIO	4
125332040	6	EV	DIO	4
125332040	7	EV	DIO	4
128034040	3	EV	DIO	2
128034040	5	EV	DIO	2
128034040	6	EV	DIO	2
132142000	8	TX	2
132205664	1	RX	8	2
132908296	5	EV	DIO	9
133277296	9	EV	DIO	10
134107040	2	EV	DIO	3
134107040	5	EV	DIO	3
134107040	6	EV	DIO	3
134107040	7	EV	DIO	3
134998040	2	EV	DIO	5
134998040	3	EV	DIO	5
134998040	6	EV	DIO	5
134998040	8	EV	DIO	5
134998040	9	EV	DIO	5
135308000	4	ATK	send	neighbor	5
135315040	3	EV	DIO	4
135315040	6	EV	DIO	4
135315040	7	EV	DIO	4
137040296	3	EV	DIO	7
138196000	2	TX	4
138233376	1	RX	2	4
138370000	9	TX	3
138432664	1	RX	9	3
138892000	10	TX	3
138960664	1	RX	10	3
143937000	7	TX	3
143978664	1	RX	7	3
144558000	6	TX	3
144591664	1	RX	6	3
144943296	3	EV	DIO	4
145309000	4	ATK	send	neighbor	6
145323040	3	EV	DIO	4
145323040	6	EV	DIO	4
145323040	7	EV	DIO	4
146141040	6	EV	DIO	10
146141040	7	EV	DIO	10
146141040	9	EV	DIO	10
147418000	3	TX	4
147440376	1	RX	3	4
147777000	4	TX	4
147820376	1	RX	4	4
148733040	5	EV	DIO	9
148733040	6	EV	DIO	9
148733040	7	EV	DIO	9
148733040	8	EV	DIO	9
148733040	10	EV	DIO	9
150065000	6	STAT	391	3	1	4	8	8
150240000	10	STAT	582	6	1	4	3	3
150505000	8	STAT	571	5	1	3	3	3
150549000	1	RSTAT	38	3	0
150642000	3	STAT	256	1	1	5	6	6
150765000	2	STAT	297	1	1	5	4	4
150815000	7	STAT	436	4	1	4	5	5
150907000	9	STAT	563	6	1	4	5	5
150971000	5	STAT	412	3	1	4	5	5
153515296	6	EV	DIO	8
155310000	4	ATK	send	neighbor	7
155344040	3	EV	DIO	4
155344040	6	EV	DIO	4
155344040	7	EV	DIO	4
155555000	5	TX	4
155593664	1	RX	5	4
162292040	2	EV	DIO	6
162292040	3	EV	DIO	6
162292040	5	EV	DIO	6
162292040	7	EV	DIO	6
162292040	8	EV	DIO	6
162292040	9	EV	DIO	6
162292040	10	EV	DIO	6
162802000	8	TX	3
162891664	1	RX	8	3
163199040	3	EV	DIO	7
163199040	6	EV	DIO	7
163199040	9	EV	DIO	7
163199040	10	EV	DIO	7
164810040	5	EV	DIO	8
164810040	6	EV	DIO	8
164810040	9	EV	DIO	8
165311000	4	ATK	send	neighbor	8
165330040	3	EV	DIO	4
165330040	6	EV	DIO	4
165330040	7	EV	DIO	4
168013000	2	TX	5
168025376	1	RX	2	5
168873000	10	TX	4
168966664	1	RX	10	4
169266000	9	TX	4
169302664	1	RX	9	4
173270000	7	TX	4
173289664	1	RX	7	4
174141296	3	EV	DIO	2
174880000	6	TX	4
174896664	1	RX	6	4
175312000	4	ATK	send	neighbor	9
175317040	3	EV	DIO	4
175317040	6	EV	DIO	4
175317040	7	EV	DIO	4
177417000	3	TX	5
177441376	1	RX	3	5
177559000	4	TX	5
177569376	1	RX	4	5
180065000	6	STAT	388	3	1	5	8	8
180240000	10	STAT	560	6	1	5	3	3
180505000	8	STAT	567	5	1	4	3	3
180549000	1	RSTAT	47	3	0
180642000	3	STAT	256	1	1	6	6	6
180765000	2	STAT	292	1	1	6	4	4
180815000	7	STAT	427	4	1	5	5	5
180907000	9	STAT	543	6	1	5	5	5
180971000	5	STAT	406	3	1	5	5	5
185313000	4	ATK	send	neighbor	10
185342040	3	EV	DIO	4
185342040	6	EV	DIO	4
185342040	7	EV	DIO	4
185601000	5	TX	5
185641664	1	RX	5	5
193263000	8	TX	4
193306664	1	RX	8	4
195314000	4	ATK	send	neighbor	11
195358040	3	EV	DIO	4
195358040	6	EV	DIO	4
195358040	7	EV	DIO	4
197069000	2	TX	6
197078376	1	RX	2	6
198554000	10	TX	5
198620664	1	RX	10	5
199176040	2	EV	DIO	1
199176040	3	EV	DIO	1
199818296	8	EV	DIO	9
199883000	9	TX	5
199933664	1	RX	9	5
203569000	7	TX	5
203622664	1	RX	7	5
205315000	4	ATK	send	neighbor	12
205342040	3	EV	DIO	4
205342040	6	EV	DIO	4
205342040	7	EV	DIO	4
205377000	6	TX	5
205406664	1	RX	6	5
206295296	2	EV	DIO	5
206749000	4	TX	6
206756376	1	RX	4	6
207353000	3	TX	6
207370376	1	RX	3	6
208553296	3	EV	DIO	7
210065000	6	STAT	385	3	1	6	8	8
210240000	10	STAT	555	6	1	6	3	3
210505000	8	STAT	564	5	1	5	3	3
210549000	1	RSTAT	56	3	0
210642000	3	STAT	256	1	1	7	6	6
210765000	2	STAT	288	1	1	7	4	4
210815000	7	STAT	420	4	1	6	5	5
210907000	9	STAT	540	6	1	6	5	5
210971000	5	STAT	401	3	1	6	5	5
215316000	4	ATK	send	neighbor	13
215323040	3	EV	DIO	4
215323040	6	EV	DIO	4
215323040	7	EV	DIO	4
215760000	5	TX	6
215816664	1	RX	5	6
222938000	8	TX	5
223011664	1	RX	8	5
225317000	4	ATK	send	neighbor	14
225331040	3	EV	DIO	4
225331040	6	EV	DIO	4
225331040	7	EV	DIO	4
226563296	7	EV	DIO	10
227076000	2	TX	7
227107376	1	RX	2	7
229522000	10	TX	6
229581584	1	RX	10	6
230828000	9	TX	6
230907664	1	RX	9	6
233277000	7	TX	6
233299664	1	RX	7	6
234753000	6	TX	6
234802664	1	RX	6	6
235318000	4	ATK	send	neighbor	15
235338040	3	EV	DIO	4
235338040	6	EV	DIO	4
235338040	7	EV	DIO	4
235706296	3	EV	DIO	4
236248000	4	TX	7
236292376	1	RX	4	7
238190000	3	TX	7
238194376	1	RX	3	7
240065000	6	STAT	384	3	1	7	8	8
240240000	10	STAT	551	6	1	7	3	3
240505000	8	STAT	561	5	1	6	3	3
240549000	1	RSTAT	65	3	0
240642000	3	STAT	256	1	1	8	6	6
240740296	9	EV	DIO	8
240765000	2	STAT	284	1	1	8	4	4
240815000	7	STAT	413	4	1	7	5	5
240907000	9	STAT	537	6	1	7	5	5
240971000	5	STAT	397	3	1	7	5	5
241244040	3	EV	DIO	7
241244040	6	EV	DIO	7
241244040	9	EV	DIO	7
241244040	10	EV	DIO	7
245319000	4	ATK	send	neighbor	16
245354040	3	EV	DIO	4
245354040	6	EV	DIO	4
245354040	7	EV	DIO	4
246127000	5	TX	7
246167664	1	RX	5	7
249074040	5	EV	DIO	8
249074040	6	EV	DIO	8
249074040	9	EV	DIO	8
253274000	8	TX	6
253390664	1	RX	8	6
255293296	5	EV	DIO	2
255320000	4	ATK	send	neighbor	17
255325040	3	EV	DIO	4
255325040	6	EV	DIO	4
255325040	7	EV	DIO	4
255817040	2	EV	DIO	3
255817040	5	EV	DIO	3
255817040	6	EV	DIO	3
255817040	7	EV	DIO	3
256359000	2	TX	8
256385376	1	RX	2	8
259233000	10	TX	7
259295664	1	RX	10	7
260810000	9	TX	7
260889664	1	RX	9	7
263378000	7	TX	7
263447664	1	RX	7	7
265321000	4	ATK	send	neighbor	18
265363040	3	EV	DIO	4
265363040	6	EV	DIO	4
265363040	7	EV	DIO	4
265518000	6	TX	7
265576664	1	RX	6	7
265730000	4	TX	8
265736376	1	RX	4	8
268360000	3	TX	8
268369376	1	RX	3	8
269002040	5	EV	DIO	9
269002040	6	EV	DIO	9
269002040	7	EV	DIO	9
269002040	8	EV	DIO	9
269002040	10	EV	DIO	9
270065000	6	STAT	384	3	1	8	8	8
270240000	10	STAT	547	6	1	8	3	3
270505000	8	STAT	558	5	1	7	3	3
270549000	1	RSTAT	74	3	0
270642000	3	STAT	256	1	1	9	6	6
270765000	2	STAT	281	1	1	9	4	4
270815000	7	STAT	408	4	1	8	5	5
270907000	9	STAT	535	6	1	8	5	5
270971000	5	STAT	393	3	1	8	5	5
271355040	3	EV	DIO	4
271355040	6	EV	DIO	4
271355040	7	EV	DIO	4
273167296	7	EV	DIO	10
273310296	5	EV	DIO	9
274433040	3	EV	DIO	2
274433040	5	EV	DIO	2
274433040	6	EV	DIO	2
275322000	4	ATK	send	neighbor	19
275334040	3	EV	DIO	4
275334040	6	EV	DIO	4
275334040	7	EV	DIO	4
276925000	5	TX	8
276970664	1	RX	5	8
282089296	2	EV	DIO	5
283336000	8	TX	7
283436664	1	RX	8	7
284716040	6	EV	DIO	10
284716040	7	EV	DIO	10
284716040	9	EV	DIO	10
285323000	4	ATK	send	neighbor	20
285363040	3	EV	DIO	4
285363040	6	EV	DIO	4
285363040	7	EV	DIO	4
286909000	2	TX	9
286915376	1	RX	2	9
289864000	9	TX	8
289917664	1	RX	9	8
289964000	10	TX	8
290063664	1	RX	10	8
290316040	2	EV	DIO	6
290316040	3	EV	DIO	6
290316040	5	EV	DIO	6
290316040	7	EV	DIO	6
290316040	8	EV	DIO	6
290316040	9	EV	DIO	6
290316040	10	EV	DIO	6
292232040	2	EV	DIO	5
292232040	3	EV	DIO	5
292232040	6	EV	DIO	5
292232040	8	EV	DIO	5
292232040	9	EV	DIO	5
293406000	7	TX	8
293473664	1	RX	7	8
294901000	4	TX	9
294923376	1	RX	4	9
295324000	4	ATK	send	neighbor	21
295342040	3	EV	DIO	4
295342040	6	EV	DIO	4
295342040	7	EV	DIO	4
296500000	6	TX	8
296584664	1	RX	6	8
299316000	3	TX	9
299328376	1	RX	3	9
300065000	6	STAT	384	3	1	9	8	8
300065000	6	NBR	0	3	7	0	0	0
300065000	6	NBR	0	4	30	0	0	0
300065000	6	NBR	0	5	8	1	0	0
300065000	6	NBR	0	9	10	2	0	0
300065000	6	NBR	0	8	7	1	0	0
300065000	6	NBR	0	7	7	1	0	0
300065000	6	NBR	0	2	7	0	0	0
300065000	6	NBR	0	10	10	0	0	0
300065000	6	WIN	0	8	8	86	5
300065000	6	DET	0	8	10750	7378	2570	29711
300065000	6	ALERT	0	4	DIO	30	29711
300065000	6	BLOCK	4	temp	1	60
300240000	10	STAT	537	6	1	9	3	3
300240000	10	NBR	0	6	8	1	0	0
300240000	10	NBR	0	9	6	2	0	0
300240000	10	NBR	0	7	7	1	0	0
300240000	10	WIN	0	3	3	21	4
300240000	10	DET	0	3	7000	816	1281	8045
300505000	8	STAT	535	5	1	8	3	3
300505000	8	NBR	0	6	8	1	0	0
300505000	8	NBR	0	5	7	1	0	0
300505000	8	NBR	0	9	7	2	0	0
300505000	8	WIN	0	3	3	22	4
300505000	8	DET	0	3	7333	471	1281	7936
300505000	8	ALERT	0	6	DIO	8	7936
300505000	8	BLOCK	6	temp	1	60
300549000	1	RSTAT	83	3	0
300642000	3	STAT	256	1	1	10	6	6
300642000	3	NBR	0	1	6	0	0	0
300642000	3	NBR	0	6	12	1	0	0
300642000	3	NBR	0	4	31	0	0	0
300642000	3	NBR	0	7	10	1	0	0
300642000	3	NBR	0	5	11	1	0	0
300642000	3	NBR	0	2	7	0	0	0
300642000	3	WIN	0	6	6	77	3
300642000	3	DET	0	6	12833	8394	2276	31937
300765000	2	STAT	278	1	1	10	4	4
300765000	2	NBR	0	1	6	0	0	0
300765000	2	NBR	0	6	8	1	0	0
300765000	2	NBR	0	3	7	0	0	0
300765000	2	NBR	0	5	9	1	0	0
300765000	2	WIN	0	4	4	30	2
300765000	2	DET	0	4	7500	1118	1708	9409
300815000	7	STAT	403	4	1	9	5	5
300815000	7	NBR	0	6	8	1	0	0
300815000	7	NBR	0	3	7	0	0	0
300815000	7	NBR	0	4	29	0	0	0
300815000	7	NBR	0	9	6	2	0	0
300815000	7	NBR	0	10	8	0	0	0
300815000	7	WIN	0	5	5	58	3
300815000	7	DET	0	5	11600	8731	2034	29358
300907000	9	STAT	526	6	1	9	5	5
300907000	9	NBR	0	6	8	1	0	0
300907000	9	NBR	0	5	7	1	0	0
300907000	9	NBR	0	8	7	1	0	0
300907000	9	NBR	0	7	7	1	0	0
300907000	9	NBR	0	10	7	0	0	0
300907000	9	WIN	0	5	5	36	4
300907000	9	DET	0	5	7200	400	2034	8013
300971000	5	STAT	391	3	1	9	5	5
300971000	5	NBR	0	6	8	1	0	0
300971000	5	NBR	0	3	7	0	0	0
300971000	5	NBR	0	9	9	2	0	0
300971000	5	NBR	0	8	10	1	0	0
300971000	5	NBR	0	2	7	0	0	0
300971000	5	WIN	0	5	5	41	4
300971000	5	DET	0	5	8200	1166	2034	10571
302416296	3	EV	DIO	4
305325000	4	ATK	send	neighbor	22
305330040	3	EV	DIO	4
305330040	6	EV	DIO	4
305330040	7	EV	DIO	4
307350000	5	TX	9
307401664	1	RX	5	9
313445000	8	TX	8
313510664	1	RX	8	8
315145296	3	EV	DIO	7
315326000	4	ATK	send	neighbor	23
315370040	3	EV	DIO	4
315370040	6	EV	DIO	4
315370040	7	EV	DIO	4
316954000	2	TX	10
316998408	1	RX	2	10
320455000	10	TX	9
320530664	1	RX	10	9
320677000	9	TX	9
320776664	1	RX	9	9
323650000	7	TX	9
323699664	1	RX	7	9
325012296	3	EV	DIO	2
325327000	4	ATK	send	neighbor	24
325367040	3	EV	DIO	4
325367040	6	EV	DIO	4
325367040	7	EV	DIO	4
325368040	4	TX	10
325383408	1	RX	4	10
326945000	6	TX	9
327000664	1	RX	6	9
329675000	3	TX	10
329684408	1	RX	3	10
330065000	6	STAT	384	3	1	10	8	8
330240000	10	STAT	534	6	1	10	3	3
330505000	8	STAT	533	5	1	9	3	3
330549000	1	RSTAT	92	3	0
330642000	3	STAT	256	1	1	11	6	6
330765000	2	STAT	275	1	1	11	4	4
330815000	7	STAT	400	4	1	10	5	5
330907000	9	STAT	524	6	1	10	5	5
330971000	5	STAT	389	3	1	10	5	5
332921296	6	EV	DIO	8
335328000	4	ATK	send	neighbor	25
335342040	3	EV	DIO	4
335342040	6	EV	DIO	4
335342040	7	EV	DIO	4
337285000	5	TX	10
337329696	1	RX	5	10
338746296	5	EV	DIO	9
344125000	8	TX	9
344190664	1	RX	8	9
345329000	4	ATK	send	neighbor	26
345349040	3	EV	DIO	4
345349040	6	EV	DIO	4
345349040	7	EV	DIO	4
347252000	2	TX	11
347271408	1	RX	2	11
349775000	10	TX	10
349838696	1	RX	10	10
350617000	9	TX	10
350695696	1	RX	9	10
354550000	7	TX	10
354589696	1	RX	7	10
355096000	4	TX	11
355111408	1	RX	4	11
355330000	4	ATK	send	neighbor	27
355353040	3	EV	DIO	4
355353040	6	EV	DIO	4
355353040	7	EV	DIO	4
357141000	6	TX	10
357183696	1	RX	6	10
359012000	3	TX	11
359048408	1	RX	3	11
359579296	9	EV	DIO	10
360065000	6	STAT	384	3	1	11	8	8
360240000	10	STAT	531	6	1	11	3	3
360505000	8	STAT	531	5	1	10	3	3
360549000	1	RSTAT	101	3	0
360642000	3	STAT	256	1	1	12	6	6
360765000	2	STAT	273	1	1	12	4	4
360815000	7	STAT	395	4	1	11	5	5
360907000	9	STAT	522	6	1	11	5	5
360971000	5	STAT	387	3	1	11	5	5
361289296	7	EV	DIO	4
364717296	2	EV	DIO	3
365331000	4	ATK	send	neighbor	28
365359040	3	EV	DIO	4
365359040	6	EV	DIO	4
365359040	6	BLOCK	4	expire	1	60
365359040	7	EV	DIO	4
366637000	5	TX	11
366656696	1	RX	5	11
373591000	8	TX	10
373672696	1	RX	8	10
373836296	6	EV	DIO	7
375332000	4	ATK	send	neighbor	29
375360040	3	EV	DIO	4
375360040	6	EV	DIO	4
375360040	7	EV	DIO	4
376469000	2	TX	12
376480408	1	RX	2	12
379076000	10	TX	11
379157696	1	RX	10	11
381046000	9	TX	11
381114696	1	RX	9	11
384846000	7	TX	11
384897696	1	RX	7	11
385333000	4	ATK	send	neighbor	30
385360040	3	EV	DIO	4
385360040	6	EV	DIO	4
385360040	7	EV	DIO	4
385627296	2	EV	DIO	5
385765000	4	TX	12
385779408	1	RX	4	12
388123000	6	TX	11
388185696	1	RX	6	11
389577000	3	TX	12
389614408	1	RX	3	12
390065000	6	STAT	384	3	1	12	8	8
390240000	10	STAT	529	6	1	12	3	3
390505000	8	STAT	529	5	1	11	3	3
390549000	1	RSTAT	110	3	0
390642000	3	STAT	256	1	1	13	6	6
390765000	2	STAT	271	1	1	13	4	4
390815000	7	STAT	393	4	1	12	5	5
390907000	9	STAT	521	6	1	12	5	5
390971000	5	STAT	385	3	1	12	5	5
391544296	3	EV	DIO	2
392527296	7	EV	DIO	9
395334000	4	ATK	send	neighbor	31
395354040	3	EV	DIO	4
395354040	6	EV	DIO	4
395354040	7	EV	DIO	4
396233000	5	TX	12
396301696	1	RX	5	12
403155000	8	TX	11
403203696	1	RX	8	11
405176296	6	EV	DIO	8
405335000	4	ATK	send	neighbor	32
405355040	3	EV	DIO	4
405355040	6	EV	DIO	4
405355040	7	EV	DIO	4
405515000	2	TX	13
405536408	1	RX	2	13
409609000	10	TX	12
409672696	1	RX	10	12
411692000	9	TX	12
411775696	1	RX	9	12
414784000	4	TX	13
414825408	1	RX	4	13
415336000	4	ATK	send	neighbor	33
415377040	3	EV	DIO	4
415377040	6	EV	DIO	4
415377040	7	EV	DIO	4
415510000	7	TX	12
415578696	1	RX	7	12
418593000	6	TX	12
418627696	1	RX	6	12
420065000	6	STAT	384	3	1	13	8	8
420240000	10	STAT	527	6	1	13	3	3
420484000	3	TX	13
420490408	1	RX	3	13
420505000	8	STAT	528	5	1	12	3	3
420549000	1	RSTAT	119	3	0
420642000	3	STAT	256	1	1	14	6	6
420765000	2	STAT	269	1	1	14	4	4
420815000	7	STAT	392	4	1	13	5	5
420907000	9	STAT	520	6	1	13	5	5
420971000	5	STAT	384	3	1	13	5	5
425337000	4	ATK	send	neighbor	34
425356040	3	EV	DIO	4
425356040	6	EV	DIO	4
425356040	7	EV	DIO	4
426209000	5	TX	13
426229696	1	RX	5	13
428103040	2	EV	DIO	1
428103040	3	EV	DIO	1
428683040	3	EV	DIO	2
428683040	5	EV	DIO	2
428683040	6	EV	DIO	2
432399000	8	TX	12
432452696	1	RX	8	12
435321040	3	EV	DIO	4
435321040	6	EV	DIO	4
435321040	7	EV	DIO	4
435338000	4	ATK	send	neighbor	35
435373040	3	EV	DIO	4
435373040	6	EV	DIO	4
435373040	7	EV	DIO	4
435508296	2	EV	DIO	3
436420000	2	TX	14
436425408	1	RX	2	14
438643040	2	EV	DIO	6
438643040	3	EV	DIO	6
438643040	5	EV	DIO	6
438643040	7	EV	DIO	6
438643040	8	EV	DIO	6
438643040	8	BLOCK	6	expire	1	60
438643040	9	EV	DIO	6
438643040	10	EV	DIO	6
440221040	2	EV	DIO	5
440221040	3	EV	DIO	5
440221040	6	EV	DIO	5
440221040	8	EV	DIO	5
440221040	9	EV	DIO	5
440509000	10	TX	13
440581696	1	RX	10	13
441215000	9	TX	13
441280696	1	RX	9	13
445339000	4	ATK	send	neighbor	36
445355040	3	EV	DIO	4
445355040	6	EV	DIO	4
445355040	7	EV	DIO	4
445650000	4	TX	14
445668408	1	RX	4	14
446402000	7	TX	13
446463696	1	RX	7	13
449072000	6	TX	13
449113696	1	RX	6	13
450065000	6	STAT	384	3	1	14	8	8
450240000	10	STAT	525	6	1	14	3	3
450505000	8	STAT	520	5	1	13	3	3
450549000	1	RSTAT	127	3	0
450601000	3	TX	14
450644408	1	RX	3	14
450645408	3	STAT	256	1	1	15	6	6
450765000	2	STAT	267	1	1	15	4	4
450815000	7	STAT	391	4	1	14	5	5
450907000	9	STAT	519	6	1	14	5	5
450971000	5	STAT	384	3	1	14	5	5
452640296	5	EV	DIO	6
455340000	4	ATK	send	neighbor	37
455347040	3	EV	DIO	4
455347040	6	EV	DIO	4
455347040	7	EV	DIO	4
456500040	6	EV	DIO	10
456500040	7	EV	DIO	10
456500040	9	EV	DIO	10
456920296	9	EV	DIO	7
456991000	5	TX	14
457041696	1	RX	5	14
462461000	8	TX	13
462526696	1	RX	8	13
464281296	9	EV	DIO	5
464554296	3	EV	DIO	4
465341000	4	ATK	send	neighbor	38
465377040	3	EV	DIO	4
465377040	6	EV	DIO	4
465377040	7	EV	DIO	4
465674000	2	TX	15
465691408	1	RX	2	15
468661296	7	EV	DIO	10
469593000	10	TX	14
469649696	1	RX	10	14
470341000	9	TX	14
470446696	1	RX	9	14
474910000	4	TX	15
474924408	1	RX	4	15
475342000	4	ATK	send	neighbor	39
475365040	3	EV	DIO	4
475365040	6	EV	DIO	4
475365040	7	EV	DIO	4
477350000	7	TX	14
477367696	1	RX	7	14
479781000	6	TX	14
479801696	1	RX	6	14
480065000	6	STAT	384	3	1	15	8	8
480240000	10	STAT	523	6	1	15	3	3
480505000	8	STAT	519	5	1	14	3	3
480549000	1	RSTAT	136	3	0
480642000	3	STAT	256	1	1	15	6	6
480765000	2	STAT	265	1	1	16	4	4
480815000	7	STAT	390	4	1	15	5	5
480907000	9	STAT	518	6	1	15	5	5
480971000	5	STAT	384	3	1	15	5	5
481053000	3	TX	15
481064408	1	RX	3	15
485343000	4	ATK	send	neighbor	40
485361040	3	EV	DIO	4
485361040	6	EV	DIO	4
485361040	7	EV	DIO	4
486703040	2	EV	DIO	3
486703040	5	EV	DIO	3
486703040	6	EV	DIO	3
486703040	7	EV	DIO	3
486925296	10	EV	DIO	9
487269000	5	TX	15
487330696	1	RX	5	15
492691000	8	TX	14
492758696	1	RX	8	14
492943296	3	EV	DIO	2
495344000	4	ATK	send	neighbor	41
495365040	3	EV	DIO	4
495365040	6	EV	DIO	4
495365040	7	EV	DIO	4
495758000	2	TX	16
495800408	1	RX	2	16
499391296	9	EV	DIO	8
499971296	7	EV	DIO	3
500389000	10	TX	15
500458696	1	RX	10	15
501109000	9	TX	15
501177696	1	RX	9	15
504562000	4	TX	16
504577408	1	RX	4	16
505345000	4	ATK	send	neighbor	42
505378040	3	EV	DIO	4
505378040	6	EV	DIO	4
505378040	7	EV	DIO	4
508282000	7	TX	15
508340696	1	RX	7	15
510065000	6	STAT	384	3	1	15	8	8
510179000	3	TX	16
510195408	1	RX	3	16
510240000	10	STAT	521	6	1	16	3	3
510505000	8	STAT	518	5	1	15	3	3
510549000	1	RSTAT	145	3	0
510601000	6	TX	15
510642000	3	STAT	256	1	1	17	6	6
510658696	1	RX	6	15
510765000	2	STAT	264	1	1	17	4	4
510815000	7	STAT	389	4	1	16	5	5
510907000	9	STAT	517	6	1	16	5	5
510971000	5	STAT	384	3	1	16	5	5
512408296	10	EV	DIO	7
513940296	7	EV	DIO	10
515346000	4	ATK	send	neighbor	43
515387040	3	EV	DIO	4
515387040	6	EV	DIO	4
515387040	7	EV	DIO	4
517413000	5	TX	16
517430696	1	RX	5	16
520658040	3	EV	DIO	7
520658040	6	EV	DIO	7
520658040	9	EV	DIO	7
520658040	10	EV	DIO	7
521135040	5	EV	DIO	8
521135040	6	EV	DIO	8
521135040	9	EV	DIO	8
522060000	8	TX	15
522136696	1	RX	8	15
525347000	4	ATK	send	neighbor	44
525380040	3	EV	DIO	4
525380040	6	EV	DIO	4
525380040	7	EV	DIO	4
526132000	2	TX	17
526147408	1	RX	2	17
529011296	7	EV	DIO	4
529992000	10	TX	16
530072696	1	RX	10	16
530820000	9	TX	16
530902696	1	RX	9	16
535287040	5	EV	DIO	9
535287040	6	EV	DIO	9
535287040	7	EV	DIO	9
535287040	8	EV	DIO	9
535287040	10	EV	DIO	9
535348000	4	ATK	send	neighbor	45
535358000	4	TX	17
535384040	3	EV	DIO	4
535384040	6	EV	DIO	4
535384040	7	EV	DIO	4
535388448	1	RX	4	17
539159000	7	TX	16
539210696	1	RX	7	16
539277000	3	TX	17
539319408	1	RX	3	17
540065000	6	STAT	384	3	1	16	8	8
540240000	10	STAT	520	6	1	17	3	3
540505000	8	STAT	517	5	1	16	3	3
540549000	1	RSTAT	154	3	0
540642000	3	STAT	256	1	1	18	6	6
540765000	2	STAT	263	1	1	18	4	4
540815000	7	STAT	388	4	1	17	5	5
540907000	9	STAT	516	6	1	17	5	5
540971000	5	STAT	384	3	1	17	5	5
541266000	6	TX	16
541324696	1	RX	6	16
545349000	4	ATK	send	neighbor	46
545386040	3	EV	DIO	4
545386040	6	EV	DIO	4
545386040	7	EV	DIO	4
545489296	8	EV	DIO	6
547095000	5	TX	17
547148696	1	RX	5	17
549151296	8	EV	DIO	5
551929000	8	TX	16
552015696	1	RX	8	16
555315000	2	TX	18
555333408	1	RX	2	18
555350000	4	ATK	send	neighbor	47
555366040	3	EV	DIO	4
555366040	6	EV	DIO	4
555366040	7	EV	DIO	4
558547296	2	EV	DIO	3
560069000	10	TX	17
560137696	1	RX	10	17
560726000	9	TX	17
560767696	1	RX	9	17
564437296	5	EV	DIO	2
564960000	4	TX	18
564969408	1	RX	4	18
565351000	4	ATK	send	neighbor	48
565372040	3	EV	DIO	4
565372040	6	EV	DIO	4
565372040	7	EV	DIO	4
568204000	7	TX	17
568268696	1	RX	7	17
568825296	6	EV	DIO	7
569210000	3	TX	18
569219408	1	RX	3	18
570065000	6	STAT	384	3	1	17	8	8
570240000	10	STAT	519	6	1	18	3	3
570505000	8	STAT	516	5	1	17	3	3
570549000	1	RSTAT	163	3	0
570642000	3	STAT	256	1	1	19	6	6
570765000	2	STAT	262	1	1	19	4	4
570815000	7	STAT	387	4	1	18	5	5
570884000	6	TX	17
570904696	1	RX	6	17
570907000	9	STAT	515	6	1	18	5	5
570971000	5	STAT	384	3	1	18	5	5
575352000	4	ATK	send	neighbor	49
575384040	3	EV	DIO	4
575384040	6	EV	DIO	4
575384040	7	EV	DIO	4
577931000	5	TX	18
577996696	1	RX	5	18
582612000	8	TX	17
582680696	1	RX	8	17
584302296	6	EV	DIO	8
584730000	2	TX	19
584761408	1	RX	2	19
585353000	4	ATK	send	neighbor	50
585384040	3	EV	DIO	4
585384040	6	EV	DIO	4
585384040	7	EV	DIO	4
590202000	9	TX	18
590270696	1	RX	9	18
591060000	10	TX	18
591128696	1	RX	10	18
592652296	7	EV	DIO	9
594331000	4	TX	19
594357408	1	RX	4	19
594702296	6	EV	DIO	4
595354000	4	ATK	send	neighbor	51
595360040	3	EV	DIO	4
595360040	6	EV	DIO	4
595360040	7	EV	DIO	4
596281296	9	EV	DIO	10
598237000	7	TX	18
598325696	1	RX	7	18
599128000	3	TX	19
599150408	1	RX	3	19
SUMMARY end_us=599150408
TEST OK
Test ended at simulation time: 600000000
